#
# There is insufficient memory for the Java Runtime Environment to continue.
# Native memory allocation (malloc) failed to allocate 1789296 bytes for Chunk::new
# Possible reasons:
#   The system is out of physical RAM or swap space
#   The process is running with CompressedOops enabled, and the Java Heap may be blocking the growth of the native heap
# Possible solutions:
#   Reduce memory load on the system
#   Increase physical memory or swap space
#   Check if swap backing store is full
#   Decrease Java heap size (-Xmx/-Xms)
#   Decrease number of Java threads
#   Decrease Java thread stack sizes (-Xss)
#   Set larger code cache with -XX:ReservedCodeCacheSize=
#   JVM is running with Zero Based Compressed Oops mode in which the Java heap is
#     placed in the first 32GB address space. The Java Heap base address is the
#     maximum limit for the native heap growth. Please use -XX:HeapBaseMinAddress
#     to set the Java Heap base and to place the Java Heap above 32GB virtual address.
# This output file may be truncated or incomplete.
#
#  Out of Memory Error (arena.cpp:189), pid=12904, tid=1624
#
# JRE version: Java(TM) SE Runtime Environment (17.0.12+8) (build 17.0.12+8-LTS-286)
# Java VM: Java HotSpot(TM) 64-Bit Server VM (17.0.12+8-LTS-286, mixed mode, sharing, tiered, compressed oops, compressed class ptrs, g1 gc, windows-amd64)
# No core dump will be written. Minidumps are not enabled by default on client versions of Windows
#

---------------  S U M M A R Y ------------

Command Line: --enable-native-access=ALL-UNNAMED -Dclassworlds.conf=C:\Users\user\OneDrive\Bureau\pi2026\MatchMakers\.m2\wrapper\dists\apache-maven-3.9.12\59fe215c0ad6947fea90184bf7add084544567b927287592651fda3782e0e798\bin\m2.conf -Dmaven.home=C:\Users\user\OneDrive\Bureau\pi2026\MatchMakers\.m2\wrapper\dists\apache-maven-3.9.12\59fe215c0ad6947fea90184bf7add084544567b927287592651fda3782e0e798 -Dlibrary.jansi.path=C:\Users\user\OneDrive\Bureau\pi2026\MatchMakers\.m2\wrapper\dists\apache-maven-3.9.12\59fe215c0ad6947fea90184bf7add084544567b927287592651fda3782e0e798\lib\jansi-native -Dmaven.multiModuleProjectDirectory=C:\Users\user\OneDrive\Bureau\pi2026\MatchMakers\Backend\EventCompetitionService org.codehaus.plexus.classworlds.launcher.Launcher -f pom.xml spring-boot:run

Host: Intel(R) Core(TM) i7-8665U CPU @ 1.90GHz, 8 cores, 15G,  Windows 11 , 64 bit Build 26100 (10.0.26100.8246)
Time: Sat Apr 25 00:50:03 2026 Afr. centrale Ouest elapsed time: 84.282090 seconds (0d 0h 1m 24s)

---------------  T H R E A D  ---------------

Current thread (0x0000018778a88520):  JavaThread "C2 CompilerThread0" daemon [_thread_in_native, id=1624, stack(0x0000007410900000,0x0000007410a00000)]


Current CompileTask:
C2:  84282 6919       4       lombok.core.AST::buildWithCollection (128 bytes)

Stack: [0x0000007410900000,0x0000007410a00000]
Native frames: (J=compiled Java code, j=interpreted, Vv=VM code, C=native code)
V  [jvm.dll+0x67a04a]
V  [jvm.dll+0x7da4ed]
V  [jvm.dll+0x7dbe33]
V  [jvm.dll+0x7dc4a3]
V  [jvm.dll+0x24508f]
V  [jvm.dll+0xab773]
V  [jvm.dll+0xabd3c]
V  [jvm.dll+0x361b9f]
V  [jvm.dll+0x32c431]
V  [jvm.dll+0x32b8ca]
V  [jvm.dll+0x21683f]
V  [jvm.dll+0x215c6f]
V  [jvm.dll+0x1a2960]
V  [jvm.dll+0x22610b]
V  [jvm.dll+0x2242ab]
V  [jvm.dll+0x79075c]
V  [jvm.dll+0x78abea]
V  [jvm.dll+0x678f35]
C  [ucrtbase.dll+0x37b0]
C  [KERNEL32.DLL+0x2e8d7]
C  [ntdll.dll+0x8c3fc]


---------------  P R O C E S S  ---------------

Threads class SMR info:
_java_thread_list=0x00000187424e3e00, length=14, elements={
0x0000018755de5d30, 0x0000018778a6b4a0, 0x0000018778a6cbd0, 0x0000018778a83a30,
0x0000018778a86400, 0x0000018778a86dc0, 0x0000018778a87780, 0x0000018778a88520,
0x0000018778a8c900, 0x0000018778c3fb10, 0x0000018778d03c60, 0x0000018778d12810,
0x000001877d314040, 0x00000187411cb9d0
}

Java Threads: ( => current thread )
  0x0000018755de5d30 JavaThread "main" [_thread_in_Java, id=29140, stack(0x000000740fc00000,0x000000740fd00000)]
  0x0000018778a6b4a0 JavaThread "Reference Handler" daemon [_thread_blocked, id=15252, stack(0x0000007410300000,0x0000007410400000)]
  0x0000018778a6cbd0 JavaThread "Finalizer" daemon [_thread_blocked, id=27132, stack(0x0000007410400000,0x0000007410500000)]
  0x0000018778a83a30 JavaThread "Signal Dispatcher" daemon [_thread_blocked, id=8436, stack(0x0000007410500000,0x0000007410600000)]
  0x0000018778a86400 JavaThread "Attach Listener" daemon [_thread_blocked, id=14564, stack(0x0000007410600000,0x0000007410700000)]
  0x0000018778a86dc0 JavaThread "Service Thread" daemon [_thread_blocked, id=5292, stack(0x0000007410700000,0x0000007410800000)]
  0x0000018778a87780 JavaThread "Monitor Deflation Thread" daemon [_thread_blocked, id=13348, stack(0x0000007410800000,0x0000007410900000)]
=>0x0000018778a88520 JavaThread "C2 CompilerThread0" daemon [_thread_in_native, id=1624, stack(0x0000007410900000,0x0000007410a00000)]
  0x0000018778a8c900 JavaThread "C1 CompilerThread0" daemon [_thread_blocked, id=7800, stack(0x0000007410a00000,0x0000007410b00000)]
  0x0000018778c3fb10 JavaThread "Sweeper thread" daemon [_thread_blocked, id=29836, stack(0x0000007410b00000,0x0000007410c00000)]
  0x0000018778d03c60 JavaThread "Notification Thread" daemon [_thread_blocked, id=23580, stack(0x0000007410c00000,0x0000007410d00000)]
  0x0000018778d12810 JavaThread "Common-Cleaner" daemon [_thread_blocked, id=20788, stack(0x0000007410e00000,0x0000007410f00000)]
  0x000001877d314040 JavaThread "Thread-1" daemon [_thread_blocked, id=24248, stack(0x0000007411000000,0x0000007411100000)]
  0x00000187411cb9d0 JavaThread "C2 CompilerThread1" daemon [_thread_in_native, id=30056, stack(0x000000740fb00000,0x000000740fc00000)]

Other Threads:
  0x0000018778a666f0 VMThread "VM Thread" [stack: 0x0000007410200000,0x0000007410300000] [id=29840]
  0x0000018778d10570 WatcherThread [stack: 0x0000007410d00000,0x0000007410e00000] [id=22200]
  0x0000018755e4ef30 GCTaskThread "GC Thread#0" [stack: 0x000000740fd00000,0x000000740fe00000] [id=29916]
  0x000001877d4d88b0 GCTaskThread "GC Thread#1" [stack: 0x0000007411100000,0x0000007411200000] [id=22772]
  0x000001877d4d8b70 GCTaskThread "GC Thread#2" [stack: 0x0000007411200000,0x0000007411300000] [id=30636]
  0x000001877d4d8e30 GCTaskThread "GC Thread#3" [stack: 0x0000007411300000,0x0000007411400000] [id=28608]
  0x000001877d4d90f0 GCTaskThread "GC Thread#4" [stack: 0x0000007411400000,0x0000007411500000] [id=23404]
  0x000001877d4f84d0 GCTaskThread "GC Thread#5" [stack: 0x0000007411500000,0x0000007411600000] [id=30348]
  0x000001877d4f60a0 GCTaskThread "GC Thread#6" [stack: 0x0000007411600000,0x0000007411700000] [id=8188]
  0x000001877d864c80 GCTaskThread "GC Thread#7" [stack: 0x0000007410f00000,0x0000007411000000] [id=17672]
  0x0000018755e60b20 ConcurrentGCThread "G1 Main Marker" [stack: 0x000000740fe00000,0x000000740ff00000] [id=26148]
  0x0000018755e61530 ConcurrentGCThread "G1 Conc#0" [stack: 0x000000740ff00000,0x0000007410000000] [id=21144]
  0x000001877dcfa370 ConcurrentGCThread "G1 Conc#1" [stack: 0x000000740f900000,0x000000740fa00000] [id=13608]
  0x0000018755ead690 ConcurrentGCThread "G1 Refine#0" [stack: 0x0000007410000000,0x0000007410100000] [id=10740]
  0x000001877daa5060 ConcurrentGCThread "G1 Refine#1" [stack: 0x000000740fa00000,0x000000740fb00000] [id=19008]
  0x0000018755eae0c0 ConcurrentGCThread "G1 Service" [stack: 0x0000007410100000,0x0000007410200000] [id=9644]

Threads with active compile tasks:
C2 CompilerThread0    84325 6919       4       lombok.core.AST::buildWithCollection (128 bytes)
C2 CompilerThread1    84325 6950       4       java.util.WeakHashMap::put (160 bytes)

VM state: not at safepoint (normal execution)

VM Mutex/Monitor currently owned by a thread: None

Heap address: 0x0000000703600000, size: 4042 MB, Compressed Oops mode: Zero based, Oop shift amount: 3

CDS archive(s) mapped at: [0x0000018700000000-0x0000018700bd0000-0x0000018700bd0000), size 12386304, SharedBaseAddress: 0x0000018700000000, ArchiveRelocationMode: 1.
Compressed class space mapped at: 0x0000018701000000-0x0000018741000000, reserved size: 1073741824
Narrow klass base: 0x0000018700000000, Narrow klass shift: 0, Narrow klass range: 0x100000000

GC Precious Log:
 CPUs: 8 total, 8 available
 Memory: 16162M
 Large Page Support: Disabled
 NUMA Support: Disabled
 Compressed Oops: Enabled (Zero based)
 Heap Region Size: 2M
 Heap Min Capacity: 8M
 Heap Initial Capacity: 254M
 Heap Max Capacity: 4042M
 Pre-touch: Disabled
 Parallel Workers: 8
 Concurrent Workers: 2
 Concurrent Refinement Workers: 8
 Periodic GC: Disabled

Heap:
 garbage-first heap   total 102400K, used 67773K [0x0000000703600000, 0x0000000800000000)
  region size 2048K, 11 young (22528K), 1 survivors (2048K)
 Metaspace       used 28908K, committed 29312K, reserved 1114112K
  class space    used 3294K, committed 3520K, reserved 1048576K

Heap Regions: E=young(eden), S=young(survivor), O=old, HS=humongous(starts), HC=humongous(continues), CS=collection set, F=free, OA=open archive, CA=closed archive, TAMS=top-at-mark-start (previous, next)
|   0|0x0000000703600000, 0x0000000703800000, 0x0000000703800000|100%| O|  |TAMS 0x0000000703800000, 0x0000000703600000| Untracked 
|   1|0x0000000703800000, 0x0000000703a00000, 0x0000000703a00000|100%| O|  |TAMS 0x0000000703967e00, 0x0000000703800000| Untracked 
|   2|0x0000000703a00000, 0x0000000703c00000, 0x0000000703c00000|100%| O|  |TAMS 0x0000000703a00000, 0x0000000703a00000| Untracked 
|   3|0x0000000703c00000, 0x0000000703e00000, 0x0000000703e00000|100%| O|  |TAMS 0x0000000703c00000, 0x0000000703c00000| Untracked 
|   4|0x0000000703e00000, 0x0000000704000000, 0x0000000704000000|100%| O|  |TAMS 0x0000000703e00000, 0x0000000703e00000| Untracked 
|   5|0x0000000704000000, 0x0000000704200000, 0x0000000704200000|100%| O|  |TAMS 0x0000000704000000, 0x0000000704000000| Untracked 
|   6|0x0000000704200000, 0x0000000704400000, 0x0000000704400000|100%| O|  |TAMS 0x0000000704200000, 0x0000000704200000| Untracked 
|   7|0x0000000704400000, 0x0000000704600000, 0x0000000704600000|100%| O|  |TAMS 0x0000000704400000, 0x0000000704400000| Untracked 
|   8|0x0000000704600000, 0x0000000704800000, 0x0000000704800000|100%| O|  |TAMS 0x0000000704600000, 0x0000000704600000| Untracked 
|   9|0x0000000704800000, 0x0000000704925200, 0x0000000704a00000| 57%| O|  |TAMS 0x0000000704800000, 0x0000000704800000| Untracked 
|  10|0x0000000704a00000, 0x0000000704a00000, 0x0000000704c00000|  0%| F|  |TAMS 0x0000000704a00000, 0x0000000704a00000| Untracked 
|  11|0x0000000704c00000, 0x0000000704e00000, 0x0000000704e00000|100%| O|  |TAMS 0x0000000704c00000, 0x0000000704c00000| Untracked 
|  12|0x0000000704e00000, 0x0000000705000000, 0x0000000705000000|100%| O|  |TAMS 0x0000000704e00000, 0x0000000704e00000| Untracked 
|  13|0x0000000705000000, 0x0000000705200000, 0x0000000705200000|100%| O|  |TAMS 0x0000000705000000, 0x0000000705000000| Untracked 
|  14|0x0000000705200000, 0x0000000705400000, 0x0000000705400000|100%| O|  |TAMS 0x0000000705200000, 0x0000000705200000| Untracked 
|  15|0x0000000705400000, 0x0000000705600000, 0x0000000705600000|100%| O|  |TAMS 0x0000000705400000, 0x0000000705400000| Untracked 
|  16|0x0000000705600000, 0x0000000705600000, 0x0000000705800000|  0%| F|  |TAMS 0x0000000705600000, 0x0000000705600000| Untracked 
|  17|0x0000000705800000, 0x0000000705800000, 0x0000000705a00000|  0%| F|  |TAMS 0x0000000705800000, 0x0000000705800000| Untracked 
|  18|0x0000000705a00000, 0x0000000705a00000, 0x0000000705c00000|  0%| F|  |TAMS 0x0000000705a00000, 0x0000000705a00000| Untracked 
|  19|0x0000000705c00000, 0x0000000705e00000, 0x0000000705e00000|100%|HS|  |TAMS 0x0000000705e00000, 0x0000000705c00000| Complete 
|  20|0x0000000705e00000, 0x0000000706000000, 0x0000000706000000|100%| O|  |TAMS 0x0000000705e00000, 0x0000000705e00000| Untracked 
|  21|0x0000000706000000, 0x0000000706200000, 0x0000000706200000|100%| O|  |TAMS 0x0000000706000000, 0x0000000706000000| Untracked 
|  22|0x0000000706200000, 0x0000000706400000, 0x0000000706400000|100%| O|  |TAMS 0x0000000706200000, 0x0000000706200000| Untracked 
|  23|0x0000000706400000, 0x0000000706600000, 0x0000000706600000|100%| O|  |TAMS 0x0000000706400000, 0x0000000706400000| Untracked 
|  24|0x0000000706600000, 0x0000000706800000, 0x0000000706800000|100%| O|  |TAMS 0x0000000706600000, 0x0000000706600000| Untracked 
|  25|0x0000000706800000, 0x0000000706800000, 0x0000000706a00000|  0%| F|  |TAMS 0x0000000706800000, 0x0000000706800000| Untracked 
|  26|0x0000000706a00000, 0x0000000706a00000, 0x0000000706c00000|  0%| F|  |TAMS 0x0000000706a00000, 0x0000000706a00000| Untracked 
|  27|0x0000000706c00000, 0x0000000706c00000, 0x0000000706e00000|  0%| F|  |TAMS 0x0000000706c00000, 0x0000000706c00000| Untracked 
|  28|0x0000000706e00000, 0x0000000706e00000, 0x0000000707000000|  0%| F|  |TAMS 0x0000000706e00000, 0x0000000706e00000| Untracked 
|  29|0x0000000707000000, 0x0000000707000000, 0x0000000707200000|  0%| F|  |TAMS 0x0000000707000000, 0x0000000707000000| Untracked 
|  30|0x0000000707200000, 0x0000000707200000, 0x0000000707400000|  0%| F|  |TAMS 0x0000000707200000, 0x0000000707200000| Untracked 
|  31|0x0000000707400000, 0x0000000707400000, 0x0000000707600000|  0%| F|  |TAMS 0x0000000707400000, 0x0000000707400000| Untracked 
|  32|0x0000000707600000, 0x0000000707600000, 0x0000000707800000|  0%| F|  |TAMS 0x0000000707600000, 0x0000000707600000| Untracked 
|  33|0x0000000707800000, 0x000000070790a2e0, 0x0000000707a00000| 51%| S|CS|TAMS 0x0000000707800000, 0x0000000707800000| Complete 
|  34|0x0000000707a00000, 0x0000000707a00000, 0x0000000707c00000|  0%| F|  |TAMS 0x0000000707a00000, 0x0000000707a00000| Untracked 
|  35|0x0000000707c00000, 0x0000000707c00000, 0x0000000707e00000|  0%| F|  |TAMS 0x0000000707c00000, 0x0000000707c00000| Untracked 
|  36|0x0000000707e00000, 0x0000000707e00000, 0x0000000708000000|  0%| F|  |TAMS 0x0000000707e00000, 0x0000000707e00000| Untracked 
|  37|0x0000000708000000, 0x0000000708106b68, 0x0000000708200000| 51%| E|  |TAMS 0x0000000708000000, 0x0000000708000000| Complete 
|  38|0x0000000708200000, 0x0000000708400000, 0x0000000708400000|100%| E|CS|TAMS 0x0000000708200000, 0x0000000708200000| Complete 
|  39|0x0000000708400000, 0x0000000708600000, 0x0000000708600000|100%| E|CS|TAMS 0x0000000708400000, 0x0000000708400000| Complete 
|  40|0x0000000708600000, 0x0000000708800000, 0x0000000708800000|100%| E|CS|TAMS 0x0000000708600000, 0x0000000708600000| Complete 
|  41|0x0000000708800000, 0x0000000708a00000, 0x0000000708a00000|100%| E|CS|TAMS 0x0000000708800000, 0x0000000708800000| Complete 
|  42|0x0000000708a00000, 0x0000000708c00000, 0x0000000708c00000|100%| E|CS|TAMS 0x0000000708a00000, 0x0000000708a00000| Complete 
| 104|0x0000000710600000, 0x0000000710800000, 0x0000000710800000|100%| E|CS|TAMS 0x0000000710600000, 0x0000000710600000| Complete 
| 105|0x0000000710800000, 0x0000000710a00000, 0x0000000710a00000|100%| E|CS|TAMS 0x0000000710800000, 0x0000000710800000| Complete 
| 106|0x0000000710a00000, 0x0000000710c00000, 0x0000000710c00000|100%| E|CS|TAMS 0x0000000710a00000, 0x0000000710a00000| Complete 
| 126|0x0000000713200000, 0x0000000713400000, 0x0000000713400000|100%| E|CS|TAMS 0x0000000713200000, 0x0000000713200000| Complete 
|2018|0x00000007ffa00000, 0x00000007ffc00000, 0x00000007ffc00000|100%| O|  |TAMS 0x00000007ffa00000, 0x00000007ffa00000| Untracked 
|2019|0x00000007ffc00000, 0x00000007ffe00000, 0x00000007ffe00000|100%| O|  |TAMS 0x00000007ffc00000, 0x00000007ffc00000| Untracked 
|2020|0x00000007ffe00000, 0x0000000800000000, 0x0000000800000000|100%| O|  |TAMS 0x00000007ffe00000, 0x00000007ffe00000| Untracked 

Card table byte_map: [0x000001876d1c0000,0x000001876d9b0000] _byte_map_base: 0x00000187699a5000

Marking Bits (Prev, Next): (CMBitMap*) 0x0000018755e505a0, (CMBitMap*) 0x0000018755e50560
 Prev Bits: [0x00000187720d0000, 0x0000018775ff8000)
 Next Bits: [0x000001876e1a0000, 0x00000187720c8000)

Polling page: 0x0000018753d70000

Metaspace:

Usage:
  Non-class:     25.01 MB used.
      Class:      3.22 MB used.
       Both:     28.23 MB used.

Virtual space:
  Non-class space:       64.00 MB reserved,      25.19 MB ( 39%) committed,  1 nodes.
      Class space:        1.00 GB reserved,       3.44 MB ( <1%) committed,  1 nodes.
             Both:        1.06 GB reserved,      28.62 MB (  3%) committed. 

Chunk freelists:
   Non-Class:  6.13 MB
       Class:  12.56 MB
        Both:  18.69 MB

MaxMetaspaceSize: unlimited
CompressedClassSpaceSize: 1.00 GB
Initial GC threshold: 21.00 MB
Current GC threshold: 35.56 MB
CDS: on
MetaspaceReclaimPolicy: balanced
 - commit_granule_bytes: 65536.
 - commit_granule_words: 8192.
 - virtual_space_node_default_size: 8388608.
 - enlarge_chunks_in_place: 1.
 - new_chunks_are_fully_committed: 0.
 - uncommit_free_chunks: 1.
 - use_allocation_guard: 0.
 - handle_deallocations: 1.


Internal statistics:

num_allocs_failed_limit: 3.
num_arena_births: 226.
num_arena_deaths: 0.
num_vsnodes_births: 2.
num_vsnodes_deaths: 0.
num_space_committed: 458.
num_space_uncommitted: 0.
num_chunks_returned_to_freelist: 3.
num_chunks_taken_from_freelist: 1334.
num_chunk_merges: 0.
num_chunk_splits: 888.
num_chunks_enlarged: 662.
num_inconsistent_stats: 0.

CodeHeap 'non-profiled nmethods': size=120000Kb used=3948Kb max_used=3948Kb free=116051Kb
 bounds [0x0000018765170000, 0x0000018765550000, 0x000001876c6a0000]
CodeHeap 'profiled nmethods': size=120000Kb used=13541Kb max_used=13541Kb free=106458Kb
 bounds [0x000001875d6a0000, 0x000001875e3e0000, 0x0000018764bd0000]
CodeHeap 'non-nmethods': size=5760Kb used=1209Kb max_used=1292Kb free=4550Kb
 bounds [0x0000018764bd0000, 0x0000018764e40000, 0x0000018765170000]
 total_blobs=6647 nmethods=6135 adapters=424
 compilation: enabled
              stopped_count=0, restarted_count=0
 full_count=0

Compilation events (20 events):
Event: 84.161 Thread 0x0000018778a8c900 6932       3       com.sun.tools.javac.code.Type$ClassType::constType (28 bytes)
Event: 84.161 Thread 0x0000018778a8c900 nmethod 6932 0x000001875e3ce290 code [0x000001875e3ce440, 0x000001875e3ce6f8]
Event: 84.161 Thread 0x0000018778a8c900 6933       3       com.sun.tools.javac.code.Type$ClassType$2::<init> (22 bytes)
Event: 84.161 Thread 0x0000018778a8c900 nmethod 6933 0x000001875e3ce810 code [0x000001875e3ce9c0, 0x000001875e3cebc8]
Event: 84.161 Thread 0x0000018778a8c900 6934       1       com.sun.tools.javac.util.ListBuffer::length (5 bytes)
Event: 84.162 Thread 0x0000018778a8c900 nmethod 6934 0x0000018765549090 code [0x0000018765549220, 0x00000187655492f8]
Event: 84.170 Thread 0x0000018778a8c900 6935       3       com.sun.tools.javac.comp.Resolve::isAccessible (394 bytes)
Event: 84.172 Thread 0x0000018778a8c900 nmethod 6935 0x000001875e3cec90 code [0x000001875e3cf000, 0x000001875e3d0cd8]
Event: 84.173 Thread 0x0000018778a8c900 6936       3       com.sun.tools.javac.code.Symbol$MethodSymbol::implementation (11 bytes)
Event: 84.173 Thread 0x0000018778a8c900 nmethod 6936 0x000001875e3d1410 code [0x000001875e3d15c0, 0x000001875e3d1788]
Event: 84.179 Thread 0x0000018778a8c900 6937       3       lombok.permit.Permit::invokeSneaky (8 bytes)
Event: 84.179 Thread 0x0000018778a8c900 nmethod 6937 0x000001875e3d1890 code [0x000001875e3d1a20, 0x000001875e3d1b48]
Event: 84.179 Thread 0x0000018778a8c900 6938   !   3       lombok.permit.Permit::invokeSneaky (74 bytes)
Event: 84.180 Thread 0x0000018778a8c900 nmethod 6938 0x000001875e3d1c10 code [0x000001875e3d1ec0, 0x000001875e3d2af8]
Event: 84.180 Thread 0x0000018778a8c900 6940       3       lombok.javac.JavacAST::buildTree (10 bytes)
Event: 84.181 Thread 0x0000018778a8c900 nmethod 6940 0x000001875e3d3110 code [0x000001875e3d32c0, 0x000001875e3d34e8]
Event: 84.191 Thread 0x0000018778a8c900 6941       3       lombok.delombok.LombokOptionsFactory::getDelombokOptions (65 bytes)
Event: 84.193 Thread 0x0000018778a8c900 nmethod 6941 0x000001875e3d3610 code [0x000001875e3d38c0, 0x000001875e3d45c8]
Event: 84.204 Thread 0x0000018778a8c900 6943       3       lombok.javac.JavacTreeMaker::Select (23 bytes)
Event: 84.205 Thread 0x0000018778a8c900 nmethod 6943 0x000001875e3d4990 code [0x000001875e3d4b60, 0x000001875e3d51c8]

GC Heap History (16 events):
Event: 4.449 GC heap before
{Heap before GC invocations=0 (full 0):
 garbage-first heap   total 260096K, used 22528K [0x0000000703600000, 0x0000000800000000)
  region size 2048K, 11 young (22528K), 0 survivors (0K)
 Metaspace       used 5305K, committed 5440K, reserved 1114112K
  class space    used 633K, committed 704K, reserved 1048576K
}
Event: 5.160 GC heap after
{Heap after GC invocations=1 (full 0):
 garbage-first heap   total 260096K, used 3584K [0x0000000703600000, 0x0000000800000000)
  region size 2048K, 2 young (4096K), 2 survivors (4096K)
 Metaspace       used 5305K, committed 5440K, reserved 1114112K
  class space    used 633K, committed 704K, reserved 1048576K
}
Event: 7.896 GC heap before
{Heap before GC invocations=1 (full 0):
 garbage-first heap   total 260096K, used 34304K [0x0000000703600000, 0x0000000800000000)
  region size 2048K, 17 young (34816K), 2 survivors (4096K)
 Metaspace       used 8370K, committed 8512K, reserved 1114112K
  class space    used 1006K, committed 1088K, reserved 1048576K
}
Event: 7.902 GC heap after
{Heap after GC invocations=2 (full 0):
 garbage-first heap   total 260096K, used 4712K [0x0000000703600000, 0x0000000800000000)
  region size 2048K, 1 young (2048K), 1 survivors (2048K)
 Metaspace       used 8370K, committed 8512K, reserved 1114112K
  class space    used 1006K, committed 1088K, reserved 1048576K
}
Event: 41.958 GC heap before
{Heap before GC invocations=2 (full 0):
 garbage-first heap   total 260096K, used 158312K [0x0000000703600000, 0x0000000800000000)
  region size 2048K, 76 young (155648K), 1 survivors (2048K)
 Metaspace       used 16180K, committed 16384K, reserved 1114112K
  class space    used 1878K, committed 1984K, reserved 1048576K
}
Event: 41.976 GC heap after
{Heap after GC invocations=3 (full 0):
 garbage-first heap   total 260096K, used 15717K [0x0000000703600000, 0x0000000800000000)
  region size 2048K, 6 young (12288K), 6 survivors (12288K)
 Metaspace       used 16180K, committed 16384K, reserved 1114112K
  class space    used 1878K, committed 1984K, reserved 1048576K
}
Event: 50.294 GC heap before
{Heap before GC invocations=3 (full 0):
 garbage-first heap   total 260096K, used 91493K [0x0000000703600000, 0x0000000800000000)
  region size 2048K, 26 young (53248K), 6 survivors (12288K)
 Metaspace       used 21154K, committed 21504K, reserved 1114112K
  class space    used 2497K, committed 2688K, reserved 1048576K
}
Event: 50.316 GC heap after
{Heap after GC invocations=4 (full 0):
 garbage-first heap   total 260096K, used 25393K [0x0000000703600000, 0x0000000800000000)
  region size 2048K, 3 young (6144K), 3 survivors (6144K)
 Metaspace       used 21154K, committed 21504K, reserved 1114112K
  class space    used 2497K, committed 2688K, reserved 1048576K
}
Event: 63.723 GC heap before
{Heap before GC invocations=5 (full 0):
 garbage-first heap   total 96256K, used 76593K [0x0000000703600000, 0x0000000800000000)
  region size 2048K, 28 young (57344K), 3 survivors (6144K)
 Metaspace       used 25858K, committed 26176K, reserved 1114112K
  class space    used 3005K, committed 3200K, reserved 1048576K
}
Event: 63.747 GC heap after
{Heap after GC invocations=6 (full 0):
 garbage-first heap   total 102400K, used 41021K [0x0000000703600000, 0x0000000800000000)
  region size 2048K, 4 young (8192K), 4 survivors (8192K)
 Metaspace       used 25858K, committed 26176K, reserved 1114112K
  class space    used 3005K, committed 3200K, reserved 1048576K
}
Event: 63.954 GC heap before
{Heap before GC invocations=6 (full 0):
 garbage-first heap   total 102400K, used 43069K [0x0000000703600000, 0x0000000800000000)
  region size 2048K, 5 young (10240K), 4 survivors (8192K)
 Metaspace       used 26036K, committed 26368K, reserved 1114112K
  class space    used 3020K, committed 3200K, reserved 1048576K
}
Event: 63.966 GC heap after
{Heap after GC invocations=7 (full 0):
 garbage-first heap   total 102400K, used 42997K [0x0000000703600000, 0x0000000800000000)
  region size 2048K, 1 young (2048K), 1 survivors (2048K)
 Metaspace       used 26036K, committed 26368K, reserved 1114112K
  class space    used 3020K, committed 3200K, reserved 1048576K
}
Event: 69.212 GC heap before
{Heap before GC invocations=7 (full 0):
 garbage-first heap   total 102400K, used 71669K [0x0000000703600000, 0x0000000800000000)
  region size 2048K, 15 young (30720K), 1 survivors (2048K)
 Metaspace       used 27000K, committed 27392K, reserved 1114112K
  class space    used 3080K, committed 3264K, reserved 1048576K
}
Event: 69.232 GC heap after
{Heap after GC invocations=8 (full 0):
 garbage-first heap   total 102400K, used 47963K [0x0000000703600000, 0x0000000800000000)
  region size 2048K, 2 young (4096K), 2 survivors (4096K)
 Metaspace       used 27000K, committed 27392K, reserved 1114112K
  class space    used 3080K, committed 3264K, reserved 1048576K
}
Event: 80.964 GC heap before
{Heap before GC invocations=8 (full 0):
 garbage-first heap   total 102400K, used 72539K [0x0000000703600000, 0x0000000800000000)
  region size 2048K, 15 young (30720K), 2 survivors (4096K)
 Metaspace       used 28345K, committed 28672K, reserved 1114112K
  class space    used 3238K, committed 3392K, reserved 1048576K
}
Event: 80.981 GC heap after
{Heap after GC invocations=9 (full 0):
 garbage-first heap   total 102400K, used 49341K [0x0000000703600000, 0x0000000800000000)
  region size 2048K, 1 young (2048K), 1 survivors (2048K)
 Metaspace       used 28345K, committed 28672K, reserved 1114112K
  class space    used 3238K, committed 3392K, reserved 1048576K
}

Deoptimization events (20 events):
Event: 83.063 Thread 0x0000018755de5d30 Uncommon trap: trap_request=0xffffff45 fr.pc=0x000001876539a1b8 relative=0x0000000000000038
Event: 83.064 Thread 0x0000018755de5d30 Uncommon trap: reason=unstable_if action=reinterpret pc=0x000001876539a1b8 method=java.util.IdentityHashMap.maskNull(Ljava/lang/Object;)Ljava/lang/Object; @ 1 c2
Event: 83.064 Thread 0x0000018755de5d30 DEOPT PACKING pc=0x000001876539a1b8 sp=0x000000740fcfc700
Event: 83.064 Thread 0x0000018755de5d30 DEOPT UNPACKING pc=0x0000018764c223a3 sp=0x000000740fcfc6a0 mode 2
Event: 83.447 Thread 0x0000018755de5d30 Uncommon trap: trap_request=0xffffff45 fr.pc=0x000001876545022c relative=0x000000000000180c
Event: 83.447 Thread 0x0000018755de5d30 Uncommon trap: reason=unstable_if action=reinterpret pc=0x000001876545022c method=jdk.internal.jimage.ImageLocation.verifyName(Ljava/lang/String;Ljava/lang/String;IIIIIILjdk/internal/jimage/ImageStrings;)Z @ 90 c2
Event: 83.447 Thread 0x0000018755de5d30 DEOPT PACKING pc=0x000001876545022c sp=0x000000740fcf7b80
Event: 83.447 Thread 0x0000018755de5d30 DEOPT UNPACKING pc=0x0000018764c223a3 sp=0x000000740fcf79e8 mode 2
Event: 83.643 Thread 0x0000018755de5d30 Uncommon trap: trap_request=0xffffff45 fr.pc=0x00000187654a16b4 relative=0x0000000000000094
Event: 83.643 Thread 0x0000018755de5d30 Uncommon trap: reason=unstable_if action=reinterpret pc=0x00000187654a16b4 method=com.sun.tools.javac.code.Scope$ScopeImpl$2.hasNext()Z @ 69 c2
Event: 83.643 Thread 0x0000018755de5d30 DEOPT PACKING pc=0x00000187654a16b4 sp=0x000000740fcfbaf0
Event: 83.643 Thread 0x0000018755de5d30 DEOPT UNPACKING pc=0x0000018764c223a3 sp=0x000000740fcfba80 mode 2
Event: 84.042 Thread 0x0000018755de5d30 DEOPT PACKING pc=0x000001875e32240d sp=0x000000740fcfc420
Event: 84.042 Thread 0x0000018755de5d30 DEOPT UNPACKING pc=0x0000018764c22b43 sp=0x000000740fcfb8d8 mode 0
Event: 84.084 Thread 0x0000018755de5d30 DEOPT PACKING pc=0x000001875e2ea8ba sp=0x000000740fcfc7f0
Event: 84.084 Thread 0x0000018755de5d30 DEOPT UNPACKING pc=0x0000018764c22b43 sp=0x000000740fcfbce8 mode 0
Event: 84.089 Thread 0x0000018755de5d30 Uncommon trap: trap_request=0xffffff45 fr.pc=0x000001876550a46c relative=0x00000000000041ac
Event: 84.089 Thread 0x0000018755de5d30 Uncommon trap: reason=unstable_if action=reinterpret pc=0x000001876550a46c method=lombok.core.AST.setAndGetAsHandled(Ljava/lang/Object;)Z @ 11 c2
Event: 84.089 Thread 0x0000018755de5d30 DEOPT PACKING pc=0x000001876550a46c sp=0x000000740fcfc440
Event: 84.089 Thread 0x0000018755de5d30 DEOPT UNPACKING pc=0x0000018764c223a3 sp=0x000000740fcfc2c8 mode 2

Classes unloaded (0 events):
No events

Classes redefined (0 events):
No events

Internal exceptions (20 events):
Event: 67.051 Thread 0x0000018755de5d30 Exception <a 'sun/nio/fs/WindowsException'{0x0000000707dacb38}> (0x0000000707dacb38) 
thrown [s\open\src\hotspot\share\prims\jni.cpp, line 516]
Event: 67.051 Thread 0x0000018755de5d30 Exception <a 'sun/nio/fs/WindowsException'{0x0000000707dacfa8}> (0x0000000707dacfa8) 
thrown [s\open\src\hotspot\share\prims\jni.cpp, line 516]
Event: 67.138 Thread 0x0000018755de5d30 Exception <a 'sun/nio/fs/WindowsException'{0x0000000707a7e3d0}> (0x0000000707a7e3d0) 
thrown [s\open\src\hotspot\share\prims\jni.cpp, line 516]
Event: 67.138 Thread 0x0000018755de5d30 Exception <a 'sun/nio/fs/WindowsException'{0x0000000707a7e818}> (0x0000000707a7e818) 
thrown [s\open\src\hotspot\share\prims\jni.cpp, line 516]
Event: 67.138 Thread 0x0000018755de5d30 Exception <a 'sun/nio/fs/WindowsException'{0x0000000707a8b1d0}> (0x0000000707a8b1d0) 
thrown [s\open\src\hotspot\share\prims\jni.cpp, line 516]
Event: 67.139 Thread 0x0000018755de5d30 Exception <a 'sun/nio/fs/WindowsException'{0x0000000707a8b5c0}> (0x0000000707a8b5c0) 
thrown [s\open\src\hotspot\share\prims\jni.cpp, line 516]
Event: 67.140 Thread 0x0000018755de5d30 Exception <a 'sun/nio/fs/WindowsException'{0x0000000707ab71d0}> (0x0000000707ab71d0) 
thrown [s\open\src\hotspot\share\prims\jni.cpp, line 516]
Event: 67.140 Thread 0x0000018755de5d30 Exception <a 'sun/nio/fs/WindowsException'{0x0000000707ab7610}> (0x0000000707ab7610) 
thrown [s\open\src\hotspot\share\prims\jni.cpp, line 516]
Event: 67.141 Thread 0x0000018755de5d30 Exception <a 'sun/nio/fs/WindowsException'{0x0000000707ab8c08}> (0x0000000707ab8c08) 
thrown [s\open\src\hotspot\share\prims\jni.cpp, line 516]
Event: 67.141 Thread 0x0000018755de5d30 Exception <a 'sun/nio/fs/WindowsException'{0x0000000707ab90d8}> (0x0000000707ab90d8) 
thrown [s\open\src\hotspot\share\prims\jni.cpp, line 516]
Event: 67.415 Thread 0x0000018755de5d30 Exception <a 'sun/nio/fs/WindowsException'{0x0000000707b026d8}> (0x0000000707b026d8) 
thrown [s\open\src\hotspot\share\prims\jni.cpp, line 516]
Event: 67.415 Thread 0x0000018755de5d30 Exception <a 'sun/nio/fs/WindowsException'{0x0000000707b02b38}> (0x0000000707b02b38) 
thrown [s\open\src\hotspot\share\prims\jni.cpp, line 516]
Event: 67.415 Thread 0x0000018755de5d30 Exception <a 'sun/nio/fs/WindowsException'{0x0000000707b06790}> (0x0000000707b06790) 
thrown [s\open\src\hotspot\share\prims\jni.cpp, line 516]
Event: 67.415 Thread 0x0000018755de5d30 Exception <a 'sun/nio/fs/WindowsException'{0x0000000707b06ba0}> (0x0000000707b06ba0) 
thrown [s\open\src\hotspot\share\prims\jni.cpp, line 516]
Event: 67.416 Thread 0x0000018755de5d30 Exception <a 'sun/nio/fs/WindowsException'{0x0000000707b10d58}> (0x0000000707b10d58) 
thrown [s\open\src\hotspot\share\prims\jni.cpp, line 516]
Event: 67.416 Thread 0x0000018755de5d30 Exception <a 'sun/nio/fs/WindowsException'{0x0000000707b111a8}> (0x0000000707b111a8) 
thrown [s\open\src\hotspot\share\prims\jni.cpp, line 516]
Event: 67.416 Thread 0x0000018755de5d30 Exception <a 'sun/nio/fs/WindowsException'{0x0000000707b127a8}> (0x0000000707b127a8) 
thrown [s\open\src\hotspot\share\prims\jni.cpp, line 516]
Event: 67.416 Thread 0x0000018755de5d30 Exception <a 'sun/nio/fs/WindowsException'{0x0000000707b12c88}> (0x0000000707b12c88) 
thrown [s\open\src\hotspot\share\prims\jni.cpp, line 516]
Event: 68.873 Thread 0x0000018755de5d30 Implicit null exception at 0x00000187652b1933 to 0x00000187652b1dac
Event: 83.063 Thread 0x0000018755de5d30 Implicit null exception at 0x0000018765396a4f to 0x0000018765396bc0

VM Operations (20 events):
Event: 76.310 Executing VM operation: Cleanup
Event: 76.341 Executing VM operation: Cleanup done
Event: 77.355 Executing VM operation: Cleanup
Event: 77.355 Executing VM operation: Cleanup done
Event: 78.363 Executing VM operation: Cleanup
Event: 78.363 Executing VM operation: Cleanup done
Event: 79.366 Executing VM operation: Cleanup
Event: 79.366 Executing VM operation: Cleanup done
Event: 80.377 Executing VM operation: Cleanup
Event: 80.378 Executing VM operation: Cleanup done
Event: 80.964 Executing VM operation: G1CollectForAllocation
Event: 80.981 Executing VM operation: G1CollectForAllocation done
Event: 81.988 Executing VM operation: Cleanup
Event: 81.989 Executing VM operation: Cleanup done
Event: 83.001 Executing VM operation: Cleanup
Event: 83.001 Executing VM operation: Cleanup done
Event: 83.028 Executing VM operation: HandshakeAllThreads
Event: 83.028 Executing VM operation: HandshakeAllThreads done
Event: 83.625 Executing VM operation: HandshakeAllThreads
Event: 83.625 Executing VM operation: HandshakeAllThreads done

Events (20 events):
Event: 81.893 Thread 0x000001877df82fb0 Thread added: 0x000001877df82fb0
Event: 82.735 loading class java/util/regex/Pattern$SliceI
Event: 82.735 loading class java/util/regex/Pattern$SliceI done
Event: 82.759 loading class java/util/regex/Pattern$Loop
Event: 82.760 loading class java/util/regex/Pattern$Loop done
Event: 82.760 loading class java/util/regex/Pattern$Prolog
Event: 82.761 loading class java/util/regex/Pattern$Prolog done
Event: 82.897 Thread 0x000001877df82fb0 Thread exited: 0x000001877df82fb0
Event: 83.029 Thread 0x0000018778c3fb10 flushing nmethod 0x000001876526b590
Event: 83.030 Thread 0x0000018778c3fb10 flushing nmethod 0x000001876545de90
Event: 83.042 Thread 0x0000018778c3fb10 flushing nmethod 0x000001875e111010
Event: 83.042 Thread 0x0000018778c3fb10 flushing nmethod 0x000001875e148610
Event: 83.042 Thread 0x0000018778c3fb10 flushing nmethod 0x000001875e148990
Event: 83.042 Thread 0x0000018778c3fb10 flushing nmethod 0x000001875e149710
Event: 83.042 Thread 0x0000018778c3fb10 flushing nmethod 0x000001875e149f10
Event: 83.042 Thread 0x0000018778c3fb10 flushing nmethod 0x000001875e14cf10
Event: 83.466 Thread 0x000001877df82510 Thread exited: 0x000001877df82510
Event: 83.487 loading class java/util/regex/Pattern$LazyLoop
Event: 83.487 loading class java/util/regex/Pattern$LazyLoop done
Event: 84.205 Thread 0x00000187411cb9d0 Thread added: 0x00000187411cb9d0


Dynamic libraries:
0x00007ff6caea0000 - 0x00007ff6caeb0000 	C:\Program Files\Java\jdk-17\bin\java.exe
0x00007ffb4aec0000 - 0x00007ffb4b127000 	C:\WINDOWS\SYSTEM32\ntdll.dll
0x00007ffb4a9d0000 - 0x00007ffb4aa99000 	C:\WINDOWS\System32\KERNEL32.DLL
0x00007ffb47880000 - 0x00007ffb47c74000 	C:\WINDOWS\System32\KERNELBASE.dll
0x00007ffb48630000 - 0x00007ffb4877b000 	C:\WINDOWS\System32\ucrtbase.dll
0x00007ffb429c0000 - 0x00007ffb429d9000 	C:\Program Files\Java\jdk-17\bin\jli.dll
0x00007ffb4a420000 - 0x00007ffb4a4d6000 	C:\WINDOWS\System32\ADVAPI32.dll
0x00007ffb4acd0000 - 0x00007ffb4ad79000 	C:\WINDOWS\System32\msvcrt.dll
0x00007ffb4a270000 - 0x00007ffb4a317000 	C:\WINDOWS\System32\sechost.dll
0x00007ffb49a40000 - 0x00007ffb49b58000 	C:\WINDOWS\System32\RPCRT4.dll
0x00007ffb48fc0000 - 0x00007ffb49185000 	C:\WINDOWS\System32\USER32.dll
0x00007ffb47790000 - 0x00007ffb477b7000 	C:\WINDOWS\System32\win32u.dll
0x00007ffb491d0000 - 0x00007ffb491fb000 	C:\WINDOWS\System32\GDI32.dll
0x00007ffb31040000 - 0x00007ffb312d3000 	C:\WINDOWS\WinSxS\amd64_microsoft.windows.common-controls_6595b64144ccf1df_6.0.26100.8115_none_3e075c82e3354f9c\COMCTL32.dll
0x00007ffb48900000 - 0x00007ffb48a2b000 	C:\WINDOWS\System32\gdi32full.dll
0x00007ffb48ba0000 - 0x00007ffb48c43000 	C:\WINDOWS\System32\msvcp_win.dll
0x00007ffb390c0000 - 0x00007ffb390cb000 	C:\WINDOWS\SYSTEM32\VERSION.dll
0x00007ffb364c0000 - 0x00007ffb364db000 	C:\Program Files\Java\jdk-17\bin\VCRUNTIME140.dll
0x00007ffb49200000 - 0x00007ffb49232000 	C:\WINDOWS\System32\IMM32.DLL
0x00007ffb42a90000 - 0x00007ffb42a9c000 	C:\Program Files\Java\jdk-17\bin\vcruntime140_1.dll
0x00007ffb0eb20000 - 0x00007ffb0ebae000 	C:\Program Files\Java\jdk-17\bin\msvcp140.dll
0x00007ffac5520000 - 0x00007ffac6100000 	C:\Program Files\Java\jdk-17\bin\server\jvm.dll
0x00007ffb49bf0000 - 0x00007ffb49bf8000 	C:\WINDOWS\System32\PSAPI.DLL
0x00007ffb44a00000 - 0x00007ffb44a0a000 	C:\WINDOWS\SYSTEM32\WSOCK32.dll
0x00007ffb49b60000 - 0x00007ffb49be0000 	C:\WINDOWS\System32\WS2_32.dll
0x00007ffb313b0000 - 0x00007ffb313e6000 	C:\WINDOWS\SYSTEM32\WINMM.dll
0x00007ffb464e0000 - 0x00007ffb464fb000 	C:\WINDOWS\SYSTEM32\kernel.appcore.dll
0x00007ffb42990000 - 0x00007ffb4299a000 	C:\Program Files\Java\jdk-17\bin\jimage.dll
0x00007ffb45130000 - 0x00007ffb45372000 	C:\WINDOWS\SYSTEM32\DBGHELP.DLL
0x00007ffb4a560000 - 0x00007ffb4a8e2000 	C:\WINDOWS\System32\combase.dll
0x00007ffb4a8f0000 - 0x00007ffb4a9c8000 	C:\WINDOWS\System32\OLEAUT32.dll
0x00007ffb30300000 - 0x00007ffb3033b000 	C:\WINDOWS\SYSTEM32\dbgcore.DLL
0x00007ffb48580000 - 0x00007ffb48625000 	C:\WINDOWS\System32\bcryptPrimitives.dll
0x00007ffb348c0000 - 0x00007ffb348e5000 	C:\Program Files\Java\jdk-17\bin\java.dll
0x00007ffb0a390000 - 0x00007ffb0a467000 	C:\Program Files\Java\jdk-17\bin\jsvml.dll
0x00007ffb492d0000 - 0x00007ffb49a37000 	C:\WINDOWS\System32\SHELL32.dll
0x00007ffb48a30000 - 0x00007ffb48b9a000 	C:\WINDOWS\System32\wintypes.dll
0x00007ffb47d10000 - 0x00007ffb48578000 	C:\WINDOWS\System32\windows.storage.dll
0x00007ffb49c00000 - 0x00007ffb49cf8000 	C:\WINDOWS\System32\SHCORE.dll
0x00007ffb4ae00000 - 0x00007ffb4ae66000 	C:\WINDOWS\System32\shlwapi.dll
0x00007ffb476b0000 - 0x00007ffb476d9000 	C:\WINDOWS\SYSTEM32\profapi.dll
0x00007ffb36430000 - 0x00007ffb36449000 	C:\Program Files\Java\jdk-17\bin\net.dll
0x00007ffb3f8a0000 - 0x00007ffb3f9cd000 	C:\WINDOWS\SYSTEM32\WINHTTP.dll
0x00007ffb46a30000 - 0x00007ffb46a9c000 	C:\WINDOWS\system32\mswsock.dll
0x00007ffb36290000 - 0x00007ffb362a6000 	C:\Program Files\Java\jdk-17\bin\nio.dll
0x00007ffb36200000 - 0x00007ffb36218000 	C:\Program Files\Java\jdk-17\bin\zip.dll
0x00007ffb344f0000 - 0x00007ffb34514000 	C:\Users\user\OneDrive\Bureau\pi2026\MatchMakers\.m2\wrapper\dists\apache-maven-3.9.12\59fe215c0ad6947fea90184bf7add084544567b927287592651fda3782e0e798\lib\jansi-native\Windows\x86_64\jansi.dll
0x00007ffb36780000 - 0x00007ffb36790000 	C:\Program Files\Java\jdk-17\bin\verify.dll

dbghelp: loaded successfully - version: 4.0.5 - missing functions: none
symbol engine: initialized successfully - sym options: 0x614 - pdb path: .;C:\Program Files\Java\jdk-17\bin;C:\WINDOWS\SYSTEM32;C:\WINDOWS\WinSxS\amd64_microsoft.windows.common-controls_6595b64144ccf1df_6.0.26100.8115_none_3e075c82e3354f9c;C:\Program Files\Java\jdk-17\bin\server;C:\Users\user\OneDrive\Bureau\pi2026\MatchMakers\.m2\wrapper\dists\apache-maven-3.9.12\59fe215c0ad6947fea90184bf7add084544567b927287592651fda3782e0e798\lib\jansi-native\Windows\x86_64

VM Arguments:
jvm_args: --enable-native-access=ALL-UNNAMED -Dclassworlds.conf=C:\Users\user\OneDrive\Bureau\pi2026\MatchMakers\.m2\wrapper\dists\apache-maven-3.9.12\59fe215c0ad6947fea90184bf7add084544567b927287592651fda3782e0e798\bin\m2.conf -Dmaven.home=C:\Users\user\OneDrive\Bureau\pi2026\MatchMakers\.m2\wrapper\dists\apache-maven-3.9.12\59fe215c0ad6947fea90184bf7add084544567b927287592651fda3782e0e798 -Dlibrary.jansi.path=C:\Users\user\OneDrive\Bureau\pi2026\MatchMakers\.m2\wrapper\dists\apache-maven-3.9.12\59fe215c0ad6947fea90184bf7add084544567b927287592651fda3782e0e798\lib\jansi-native -Dmaven.multiModuleProjectDirectory=C:\Users\user\OneDrive\Bureau\pi2026\MatchMakers\Backend\EventCompetitionService 
java_command: org.codehaus.plexus.classworlds.launcher.Launcher -f pom.xml spring-boot:run
java_class_path (initial): C:\Users\user\OneDrive\Bureau\pi2026\MatchMakers\.m2\wrapper\dists\apache-maven-3.9.12\59fe215c0ad6947fea90184bf7add084544567b927287592651fda3782e0e798\boot\plexus-classworlds-2.9.0.jar
Launcher Type: SUN_STANDARD

[Global flags]
     intx CICompilerCount                          = 4                                         {product} {ergonomic}
     uint ConcGCThreads                            = 2                                         {product} {ergonomic}
     uint G1ConcRefinementThreads                  = 8                                         {product} {ergonomic}
   size_t G1HeapRegionSize                         = 2097152                                   {product} {ergonomic}
    uintx GCDrainStackTargetSize                   = 64                                        {product} {ergonomic}
   size_t InitialHeapSize                          = 266338304                                 {product} {ergonomic}
   size_t MarkStackSize                            = 4194304                                   {product} {ergonomic}
   size_t MaxHeapSize                              = 4238344192                                {product} {ergonomic}
   size_t MaxNewSize                               = 2541748224                                {product} {ergonomic}
   size_t MinHeapDeltaBytes                        = 2097152                                   {product} {ergonomic}
   size_t MinHeapSize                              = 8388608                                   {product} {ergonomic}
    uintx NonNMethodCodeHeapSize                   = 5839372                                {pd product} {ergonomic}
    uintx NonProfiledCodeHeapSize                  = 122909434                              {pd product} {ergonomic}
    uintx ProfiledCodeHeapSize                     = 122909434                              {pd product} {ergonomic}
    uintx ReservedCodeCacheSize                    = 251658240                              {pd product} {ergonomic}
     bool SegmentedCodeCache                       = true                                      {product} {ergonomic}
   size_t SoftMaxHeapSize                          = 4238344192                             {manageable} {ergonomic}
     bool UseCompressedClassPointers               = true                           {product lp64_product} {ergonomic}
     bool UseCompressedOops                        = true                           {product lp64_product} {ergonomic}
     bool UseG1GC                                  = true                                      {product} {ergonomic}
     bool UseLargePagesIndividualAllocation        = false                                  {pd product} {ergonomic}

Logging:
Log output configuration:
 #0: stdout all=warning uptime,level,tags
 #1: stderr all=off uptime,level,tags

Environment Variables:
PATH=C:\Program Files\Common Files\Oracle\Java\javapath;C:\Program Files (x86)\VMware\VMware Workstation\bin\;C:\WINDOWS\system32;C:\WINDOWS;C:\WINDOWS\System32\Wbem;C:\WINDOWS\System32\WindowsPowerShell\v1.0\;C:\WINDOWS\System32\OpenSSH\;C:\xampp\php;C:\ProgramData\ComposerSetup\bin;C:\Program Files\nodejs\;C:\Program Files\Git\cmd;C:\Program Files (x86)\Microsoft SQL Server\160\Tools\Binn\;C:\Program Files\Microsoft SQL Server\160\Tools\Binn\;C:\Program Files\Microsoft SQL Server\Client SDK\ODBC\170\Tools\Binn\;C:\Program Files\Microsoft SQL Server\160\DTS\Binn\;C:\Program Files (x86)\Microsoft SQL Server\160\DTS\Binn\;C:\Program Files\Microsoft SQL Server\150\Tools\Binn\;C:\Program Files\Microsoft SQL Server\130\DTS\Binn\;C:\Program Files\Microsoft SQL Server\140\DTS\Binn\;C:\Program Files\Microsoft SQL Server\150\DTS\Binn\;C:\Program Files\Microsoft SQL Server\170\DTS\Binn\;C:\Program Files\Docker\Docker\resources\bin;C:\Program Files\Apache\Maven\apache-maven-3.9.12\bin;C:\sonar-scanner-cli-5.0.2.4997-windows\sonar-scanner-5.0.2.4997-windows\bin;C:\Program Files\dotnet\;C:\Users\user\scoop\shims;C:\Users\user\AppData\Local\Microsoft\WindowsApps;C:\Program Files\JetBrains\IntelliJ IDEA 2023.3.4\bin;;C:\Users\user\AppData\Local\Programs\Microsoft VS Code\bin;C:\Users\user\AppData\Roaming\Composer\vendor\bin;C:\Program Files\MongoDB\Server\4.0\bin;C:\Users\user\AppData\Roaming\npm;C:\Users\user\AppData\Local\Programs\Windsurf\bin;C:\Users\user\.dotnet\tools;C:\Users\user\AppData\Local\Python\bin;C:\Users\user\AppData\Local\Programs\Antigravity\bin
USERNAME=user
LANG=en_US.UTF-8
OS=Windows_NT
PROCESSOR_IDENTIFIER=Intel64 Family 6 Model 142 Stepping 12, GenuineIntel



---------------  S Y S T E M  ---------------

OS:
 Windows 11 , 64 bit Build 26100 (10.0.26100.8246)
OS uptime: 0 days 1:54 hours
Hyper-V role detected

CPU: total 8 (initial active 8) (4 cores per cpu, 2 threads per core) family 6 model 142 stepping 12 microcode 0xf8, cx8, cmov, fxsr, ht, mmx, 3dnowpref, sse, sse2, sse3, ssse3, sse4.1, sse4.2, popcnt, lzcnt, tsc, tscinvbit, avx, avx2, aes, erms, clmul, bmi1, bmi2, adx, fma, vzeroupper, clflush, clflushopt, hv

Memory: 4k page, system-wide physical 16162M (1382M free)
TotalPageFile size 22247M (AvailPageFile size 78M)
current process WorkingSet (physical memory assigned to process): 259M, peak: 318M
current process commit charge ("private bytes"): 295M, peak: 403M

vm_info: Java HotSpot(TM) 64-Bit Server VM (17.0.12+8-LTS-286) for windows-amd64 JRE (17.0.12+8-LTS-286), built on Jun  5 2024 06:46:59 by "mach5one" with MS VC++ 17.6 (VS2022)

END.
