#
# There is insufficient memory for the Java Runtime Environment to continue.
# Native memory allocation (mmap) failed to map 65536 bytes for Failed to commit metaspace.
# Possible reasons:
#   The system is out of physical RAM or swap space
#   The process is running with CompressedOops enabled, and the Java Heap may be blocking the growth of the native heap
# Possible solutions:
#   Reduce memory load on the system
#   Increase physical memory or swap space
#   Check if swap backing store is full
#   Decrease Java heap size (-Xmx/-Xms)
#   Decrease number of Java threads
#   Decrease Java thread stack sizes (-Xss)
#   Set larger code cache with -XX:ReservedCodeCacheSize=
#   JVM is running with Zero Based Compressed Oops mode in which the Java heap is
#     placed in the first 32GB address space. The Java Heap base address is the
#     maximum limit for the native heap growth. Please use -XX:HeapBaseMinAddress
#     to set the Java Heap base and to place the Java Heap above 32GB virtual address.
# This output file may be truncated or incomplete.
#
#  Out of Memory Error (virtualSpaceNode.cpp:110), pid=30708, tid=19368
#
# JRE version: Java(TM) SE Runtime Environment (17.0.12+8) (build 17.0.12+8-LTS-286)
# Java VM: Java HotSpot(TM) 64-Bit Server VM (17.0.12+8-LTS-286, mixed mode, emulated-client, sharing, tiered, compressed oops, compressed class ptrs, g1 gc, windows-amd64)
# No core dump will be written. Minidumps are not enabled by default on client versions of Windows
#

---------------  S U M M A R Y ------------

Command Line: -XX:TieredStopAtLevel=1 tn.matchmakers.userservice.UserServiceApplication

Host: Intel(R) Core(TM) i7-8665U CPU @ 1.90GHz, 8 cores, 15G,  Windows 11 , 64 bit Build 26100 (10.0.26100.8246)
Time: Sat Apr 25 00:45:39 2026 Afr. centrale Ouest elapsed time: 18.217338 seconds (0d 0h 0m 18s)

---------------  T H R E A D  ---------------

Current thread (0x000001ab7dff5030):  JavaThread "restartedMain" [_thread_in_vm, id=19368, stack(0x0000008079900000,0x0000008079a00000)]

Stack: [0x0000008079900000,0x0000008079a00000]
Native frames: (J=compiled Java code, j=interpreted, Vv=VM code, C=native code)
V  [jvm.dll+0x67a04a]
V  [jvm.dll+0x7da4ed]
V  [jvm.dll+0x7dbe33]
V  [jvm.dll+0x7dc4a3]
V  [jvm.dll+0x24508f]
V  [jvm.dll+0x7d60bb]
V  [jvm.dll+0x6206c6]
V  [jvm.dll+0x1bed07]
V  [jvm.dll+0x623022]
V  [jvm.dll+0x621086]
V  [jvm.dll+0x1e6553]
V  [jvm.dll+0x1e92d0]
V  [jvm.dll+0x1dea41]
V  [jvm.dll+0x53f78c]
V  [jvm.dll+0x7553b8]
V  [jvm.dll+0x7554a4]
V  [jvm.dll+0x40d1af]
V  [jvm.dll+0x413c39]
C  [java.dll+0x17ec]

Java frames: (J=compiled Java code, j=interpreted, Vv=VM code)
J 906  java.lang.ClassLoader.defineClass1(Ljava/lang/ClassLoader;Ljava/lang/String;[BIILjava/security/ProtectionDomain;Ljava/lang/String;)Ljava/lang/Class; java.base@17.0.12 (0 bytes) @ 0x000001ab6e66c7e3 [0x000001ab6e66c720+0x00000000000000c3]
J 932 c1 java.lang.ClassLoader.defineClass(Ljava/lang/String;[BIILjava/security/ProtectionDomain;)Ljava/lang/Class; java.base@17.0.12 (43 bytes) @ 0x000001ab6e674bec [0x000001ab6e674ae0+0x000000000000010c]
J 722 c1 jdk.internal.loader.BuiltinClassLoader.defineClass(Ljava/lang/String;Ljdk/internal/loader/Resource;)Ljava/lang/Class; java.base@17.0.12 (121 bytes) @ 0x000001ab6e61f874 [0x000001ab6e61f3a0+0x00000000000004d4]
J 721 c1 jdk.internal.loader.BuiltinClassLoader.findClassOnClassPathOrNull(Ljava/lang/String;)Ljava/lang/Class; java.base@17.0.12 (64 bytes) @ 0x000001ab6e61e8c4 [0x000001ab6e61e600+0x00000000000002c4]
J 379 c1 jdk.internal.loader.BuiltinClassLoader.loadClassOrNull(Ljava/lang/String;Z)Ljava/lang/Class; java.base@17.0.12 (143 bytes) @ 0x000001ab6e596184 [0x000001ab6e595d00+0x0000000000000484]
J 640 c1 jdk.internal.loader.ClassLoaders$AppClassLoader.loadClass(Ljava/lang/String;Z)Ljava/lang/Class; java.base@17.0.12 (40 bytes) @ 0x000001ab6e6003cc [0x000001ab6e600280+0x000000000000014c]
J 639 c1 java.lang.ClassLoader.loadClass(Ljava/lang/String;)Ljava/lang/Class; java.base@17.0.12 (7 bytes) @ 0x000001ab6e5ffae4 [0x000001ab6e5ffaa0+0x0000000000000044]
v  ~StubRoutines::call_stub
j  org.springframework.beans.propertyeditors.FileEditor.<init>()V+5
j  org.springframework.beans.PropertyEditorRegistrySupport.createDefaultEditors()V+99
j  org.springframework.beans.PropertyEditorRegistrySupport.getDefaultEditor(Ljava/lang/Class;)Ljava/beans/PropertyEditor;+68
j  org.springframework.boot.context.properties.bind.BindConverter$TypeConverterConverter.matches(Lorg/springframework/core/convert/TypeDescriptor;Lorg/springframework/core/convert/TypeDescriptor;)Z+66
j  org.springframework.core.convert.support.GenericConversionService$ConvertersForPair.getConverter(Lorg/springframework/core/convert/TypeDescriptor;Lorg/springframework/core/convert/TypeDescriptor;)Lorg/springframework/core/convert/converter/GenericConverter;+49
j  org.springframework.core.convert.support.GenericConversionService$Converters.getRegisteredConverter(Lorg/springframework/core/convert/TypeDescriptor;Lorg/springframework/core/convert/TypeDescriptor;Lorg/springframework/core/convert/converter/GenericConverter$ConvertiblePair;)Lorg/springframework/core/convert/converter/GenericConverter;+24
j  org.springframework.core.convert.support.GenericConversionService$Converters.find(Lorg/springframework/core/convert/TypeDescriptor;Lorg/springframework/core/convert/TypeDescriptor;)Lorg/springframework/core/convert/converter/GenericConverter;+98
j  org.springframework.core.convert.support.GenericConversionService.getConverter(Lorg/springframework/core/convert/TypeDescriptor;Lorg/springframework/core/convert/TypeDescriptor;)Lorg/springframework/core/convert/converter/GenericConverter;+51
j  org.springframework.core.convert.support.GenericConversionService.canConvert(Lorg/springframework/core/convert/TypeDescriptor;Lorg/springframework/core/convert/TypeDescriptor;)Z+13
j  org.springframework.boot.context.properties.bind.BindConverter$TypeConverterConversionService.canConvert(Lorg/springframework/core/convert/TypeDescriptor;Lorg/springframework/core/convert/TypeDescriptor;)Z+22
j  org.springframework.boot.context.properties.bind.BindConverter.canConvert(Lorg/springframework/core/convert/TypeDescriptor;Lorg/springframework/core/convert/TypeDescriptor;)Z+34
j  org.springframework.boot.context.properties.bind.BindConverter.canConvert(Ljava/lang/Object;Lorg/springframework/core/ResolvableType;[Ljava/lang/annotation/Annotation;)Z+14
j  org.springframework.boot.context.properties.bind.MapBinder$EntryBinder.isScalarValue(Lorg/springframework/boot/context/properties/source/ConfigurationPropertySource;Lorg/springframework/boot/context/properties/source/ConfigurationPropertyName;)Z+93
j  org.springframework.boot.context.properties.bind.MapBinder$EntryBinder.getEntryName(Lorg/springframework/boot/context/properties/source/ConfigurationPropertySource;Lorg/springframework/boot/context/properties/source/ConfigurationPropertyName;)Lorg/springframework/boot/context/properties/source/ConfigurationPropertyName;+56
j  org.springframework.boot.context.properties.bind.MapBinder$EntryBinder.bindEntries(Lorg/springframework/boot/context/properties/source/ConfigurationPropertySource;Ljava/util/Map;)V+54
j  org.springframework.boot.context.properties.bind.MapBinder.bindAggregate(Lorg/springframework/boot/context/properties/source/ConfigurationPropertyName;Lorg/springframework/boot/context/properties/bind/Bindable;Lorg/springframework/boot/context/properties/bind/AggregateElementBinder;)Ljava/lang/Object;+214
j  org.springframework.boot.context.properties.bind.AggregateBinder.bind(Lorg/springframework/boot/context/properties/source/ConfigurationPropertyName;Lorg/springframework/boot/context/properties/bind/Bindable;Lorg/springframework/boot/context/properties/bind/AggregateElementBinder;)Ljava/lang/Object;+4
j  org.springframework.boot.context.properties.bind.Binder.lambda$bindAggregate$4(Lorg/springframework/boot/context/properties/bind/AggregateBinder;Lorg/springframework/boot/context/properties/source/ConfigurationPropertyName;Lorg/springframework/boot/context/properties/bind/Bindable;Lorg/springframework/boot/context/properties/bind/AggregateElementBinder;)Ljava/lang/Object;+4
j  org.springframework.boot.context.properties.bind.Binder$$Lambda$137+0x000001ab0110fcc0.get()Ljava/lang/Object;+16
j  org.springframework.boot.context.properties.bind.Binder$Context.withIncreasedDepth(Ljava/util/function/Supplier;)Ljava/lang/Object;+5
j  org.springframework.boot.context.properties.bind.Binder.bindAggregate(Lorg/springframework/boot/context/properties/source/ConfigurationPropertyName;Lorg/springframework/boot/context/properties/bind/Bindable;Lorg/springframework/boot/context/properties/bind/BindHandler;Lorg/springframework/boot/context/properties/bind/Binder$Context;Lorg/springframework/boot/context/properties/bind/AggregateBinder;)Ljava/lang/Object;+26
j  org.springframework.boot.context.properties.bind.Binder.bindObject(Lorg/springframework/boot/context/properties/source/ConfigurationPropertyName;Lorg/springframework/boot/context/properties/bind/Bindable;Lorg/springframework/boot/context/properties/bind/BindHandler;Lorg/springframework/boot/context/properties/bind/Binder$Context;Z)Ljava/lang/Object;+60
j  org.springframework.boot.context.properties.bind.Binder.bind(Lorg/springframework/boot/context/properties/source/ConfigurationPropertyName;Lorg/springframework/boot/context/properties/bind/Bindable;Lorg/springframework/boot/context/properties/bind/BindHandler;Lorg/springframework/boot/context/properties/bind/Binder$Context;ZZ)Ljava/lang/Object;+41
j  org.springframework.boot.context.properties.bind.Binder.bind(Lorg/springframework/boot/context/properties/source/ConfigurationPropertyName;Lorg/springframework/boot/context/properties/bind/Bindable;Lorg/springframework/boot/context/properties/bind/BindHandler;Z)Ljava/lang/Object;+44
j  org.springframework.boot.context.properties.bind.Binder.bind(Lorg/springframework/boot/context/properties/source/ConfigurationPropertyName;Lorg/springframework/boot/context/properties/bind/Bindable;Lorg/springframework/boot/context/properties/bind/BindHandler;)Lorg/springframework/boot/context/properties/bind/BindResult;+5
j  org.springframework.boot.context.properties.bind.Binder.bind(Lorg/springframework/boot/context/properties/source/ConfigurationPropertyName;Lorg/springframework/boot/context/properties/bind/Bindable;)Lorg/springframework/boot/context/properties/bind/BindResult;+4
j  org.springframework.boot.context.logging.LoggingApplicationListener.setLogLevels(Lorg/springframework/boot/logging/LoggingSystem;Lorg/springframework/core/env/ConfigurableEnvironment;)V+20
j  org.springframework.boot.context.logging.LoggingApplicationListener.initializeFinalLoggingLevels(Lorg/springframework/core/env/ConfigurableEnvironment;Lorg/springframework/boot/logging/LoggingSystem;)V+24
j  org.springframework.boot.context.logging.LoggingApplicationListener.initialize(Lorg/springframework/core/env/ConfigurableEnvironment;Ljava/lang/ClassLoader;)V+68
j  org.springframework.boot.context.logging.LoggingApplicationListener.onApplicationEnvironmentPreparedEvent(Lorg/springframework/boot/context/event/ApplicationEnvironmentPreparedEvent;)V+32
j  org.springframework.boot.context.logging.LoggingApplicationListener.onApplicationEvent(Lorg/springframework/context/ApplicationEvent;)V+34
j  org.springframework.context.event.SimpleApplicationEventMulticaster.doInvokeListener(Lorg/springframework/context/ApplicationListener;Lorg/springframework/context/ApplicationEvent;)V+2
j  org.springframework.context.event.SimpleApplicationEventMulticaster.invokeListener(Lorg/springframework/context/ApplicationListener;Lorg/springframework/context/ApplicationEvent;)V+34
j  org.springframework.context.event.SimpleApplicationEventMulticaster.multicastEvent(Lorg/springframework/context/ApplicationEvent;Lorg/springframework/core/ResolvableType;)V+104
j  org.springframework.context.event.SimpleApplicationEventMulticaster.multicastEvent(Lorg/springframework/context/ApplicationEvent;)V+3
j  org.springframework.boot.context.event.EventPublishingRunListener.multicastInitialEvent(Lorg/springframework/context/ApplicationEvent;)V+9
j  org.springframework.boot.context.event.EventPublishingRunListener.environmentPrepared(Lorg/springframework/boot/ConfigurableBootstrapContext;Lorg/springframework/core/env/ConfigurableEnvironment;)V+18
j  org.springframework.boot.SpringApplicationRunListeners.lambda$environmentPrepared$2(Lorg/springframework/boot/ConfigurableBootstrapContext;Lorg/springframework/core/env/ConfigurableEnvironment;Lorg/springframework/boot/SpringApplicationRunListener;)V+3
j  org.springframework.boot.SpringApplicationRunListeners$$Lambda$105+0x000001ab010b4900.accept(Ljava/lang/Object;)V+12
j  java.lang.Iterable.forEach(Ljava/util/function/Consumer;)V+30 java.base@17.0.12
j  org.springframework.boot.SpringApplicationRunListeners.doWithListeners(Ljava/lang/String;Ljava/util/function/Consumer;Ljava/util/function/Consumer;)V+17
j  org.springframework.boot.SpringApplicationRunListeners.doWithListeners(Ljava/lang/String;Ljava/util/function/Consumer;)V+4
j  org.springframework.boot.SpringApplicationRunListeners.environmentPrepared(Lorg/springframework/boot/ConfigurableBootstrapContext;Lorg/springframework/core/env/ConfigurableEnvironment;)V+10
j  org.springframework.boot.SpringApplication.prepareEnvironment(Lorg/springframework/boot/SpringApplicationRunListeners;Lorg/springframework/boot/DefaultBootstrapContext;Lorg/springframework/boot/ApplicationArguments;)Lorg/springframework/core/env/ConfigurableEnvironment;+27
j  org.springframework.boot.SpringApplication.run([Ljava/lang/String;)Lorg/springframework/context/ConfigurableApplicationContext;+65
j  org.springframework.boot.SpringApplication.run([Ljava/lang/Class;[Ljava/lang/String;)Lorg/springframework/context/ConfigurableApplicationContext;+9
j  org.springframework.boot.SpringApplication.run(Ljava/lang/Class;[Ljava/lang/String;)Lorg/springframework/context/ConfigurableApplicationContext;+9
j  tn.matchmakers.userservice.UserServiceApplication.main([Ljava/lang/String;)V+3
v  ~StubRoutines::call_stub
j  jdk.internal.reflect.NativeMethodAccessorImpl.invoke0(Ljava/lang/reflect/Method;Ljava/lang/Object;[Ljava/lang/Object;)Ljava/lang/Object;+0 java.base@17.0.12
j  jdk.internal.reflect.NativeMethodAccessorImpl.invoke(Ljava/lang/Object;[Ljava/lang/Object;)Ljava/lang/Object;+133 java.base@17.0.12
j  jdk.internal.reflect.DelegatingMethodAccessorImpl.invoke(Ljava/lang/Object;[Ljava/lang/Object;)Ljava/lang/Object;+6 java.base@17.0.12
j  java.lang.reflect.Method.invoke(Ljava/lang/Object;[Ljava/lang/Object;)Ljava/lang/Object;+59 java.base@17.0.12
j  org.springframework.boot.devtools.restart.RestartLauncher.run()V+47
v  ~StubRoutines::call_stub

---------------  P R O C E S S  ---------------

Threads class SMR info:
_java_thread_list=0x000001ab7dfbc880, length=15, elements={
0x000001ab66a480c0, 0x000001ab7d52a460, 0x000001ab7d52b990, 0x000001ab7d540af0,
0x000001ab7d5414b0, 0x000001ab7d543e80, 0x000001ab7d544840, 0x000001ab7d5452b0,
0x000001ab7d54d5f0, 0x000001ab7d79dce0, 0x000001ab7d79ed70, 0x000001ab7d79f290,
0x000001ab7d7b2290, 0x000001ab7df072a0, 0x000001ab7dff5030
}

Java Threads: ( => current thread )
  0x000001ab66a480c0 JavaThread "main" [_thread_blocked, id=12680, stack(0x0000008078400000,0x0000008078500000)]
  0x000001ab7d52a460 JavaThread "Reference Handler" daemon [_thread_blocked, id=16160, stack(0x0000008078b00000,0x0000008078c00000)]
  0x000001ab7d52b990 JavaThread "Finalizer" daemon [_thread_blocked, id=12356, stack(0x0000008078c00000,0x0000008078d00000)]
  0x000001ab7d540af0 JavaThread "Signal Dispatcher" daemon [_thread_blocked, id=21480, stack(0x0000008078d00000,0x0000008078e00000)]
  0x000001ab7d5414b0 JavaThread "Attach Listener" daemon [_thread_blocked, id=20072, stack(0x0000008078e00000,0x0000008078f00000)]
  0x000001ab7d543e80 JavaThread "Service Thread" daemon [_thread_blocked, id=14356, stack(0x0000008078f00000,0x0000008079000000)]
  0x000001ab7d544840 JavaThread "Monitor Deflation Thread" daemon [_thread_blocked, id=13944, stack(0x0000008079000000,0x0000008079100000)]
  0x000001ab7d5452b0 JavaThread "C1 CompilerThread0" daemon [_thread_blocked, id=12328, stack(0x0000008079100000,0x0000008079200000)]
  0x000001ab7d54d5f0 JavaThread "Sweeper thread" daemon [_thread_blocked, id=25492, stack(0x0000008079200000,0x0000008079300000)]
  0x000001ab7d79dce0 JavaThread "C1 CompilerThread1" daemon [_thread_blocked, id=15716, stack(0x0000008079300000,0x0000008079400000)]
  0x000001ab7d79ed70 JavaThread "C1 CompilerThread2" daemon [_thread_blocked, id=16560, stack(0x0000008079400000,0x0000008079500000)]
  0x000001ab7d79f290 JavaThread "Notification Thread" daemon [_thread_blocked, id=30104, stack(0x0000008079500000,0x0000008079600000)]
  0x000001ab7d7b2290 JavaThread "Common-Cleaner" daemon [_thread_blocked, id=4784, stack(0x0000008079700000,0x0000008079800000)]
  0x000001ab7df072a0 JavaThread "Thread-0" [_thread_blocked, id=27928, stack(0x0000008079800000,0x0000008079900000)]
=>0x000001ab7dff5030 JavaThread "restartedMain" [_thread_in_vm, id=19368, stack(0x0000008079900000,0x0000008079a00000)]

Other Threads:
  0x000001ab7d521780 VMThread "VM Thread" [stack: 0x0000008078a00000,0x0000008078b00000] [id=24256] _threads_hazard_ptr=0x000001ab7dfbc880
  0x000001ab66ad38f0 WatcherThread [stack: 0x0000008079600000,0x0000008079700000] [id=21448]
  0x000001ab66ab9eb0 GCTaskThread "GC Thread#0" [stack: 0x0000008078500000,0x0000008078600000] [id=7816]
  0x000001ab7e005a10 GCTaskThread "GC Thread#1" [stack: 0x0000008079a00000,0x0000008079b00000] [id=14636]
  0x000001ab7e005cd0 GCTaskThread "GC Thread#2" [stack: 0x0000008079b00000,0x0000008079c00000] [id=24748]
  0x000001ab7e005f90 GCTaskThread "GC Thread#3" [stack: 0x0000008079c00000,0x0000008079d00000] [id=27764]
  0x000001ab7e006250 GCTaskThread "GC Thread#4" [stack: 0x0000008079d00000,0x0000008079e00000] [id=21944]
  0x000001ab7e006510 GCTaskThread "GC Thread#5" [stack: 0x0000008079e00000,0x0000008079f00000] [id=18552]
  0x000001ab66acaa90 ConcurrentGCThread "G1 Main Marker" [stack: 0x0000008078600000,0x0000008078700000] [id=6292]
  0x000001ab66acb4a0 ConcurrentGCThread "G1 Conc#0" [stack: 0x0000008078700000,0x0000008078800000] [id=6856]
  0x000001ab7d3d7100 ConcurrentGCThread "G1 Refine#0" [stack: 0x0000008078800000,0x0000008078900000] [id=19356]
  0x000001ab7d3d7c90 ConcurrentGCThread "G1 Service" [stack: 0x0000008078900000,0x0000008078a00000] [id=27676]

Threads with active compile tasks:

VM state: synchronizing (normal execution)

VM Mutex/Monitor currently owned by a thread:  ([mutex/lock_event])
[0x000001ab66a46fa0] Metaspace_lock - owner thread: 0x000001ab7dff5030
[0x000001ab66a45a40] Threads_lock - owner thread: 0x000001ab7d521780

Heap address: 0x0000000703600000, size: 4042 MB, Compressed Oops mode: Zero based, Oop shift amount: 3

CDS archive(s) mapped at: [0x000001ab00000000-0x000001ab00bd0000-0x000001ab00bd0000), size 12386304, SharedBaseAddress: 0x000001ab00000000, ArchiveRelocationMode: 1.
Compressed class space mapped at: 0x000001ab01000000-0x000001ab41000000, reserved size: 1073741824
Narrow klass base: 0x000001ab00000000, Narrow klass shift: 0, Narrow klass range: 0x100000000

GC Precious Log:
 CPUs: 8 total, 8 available
 Memory: 16162M
 Large Page Support: Disabled
 NUMA Support: Disabled
 Compressed Oops: Enabled (Zero based)
 Heap Region Size: 2M
 Heap Min Capacity: 8M
 Heap Initial Capacity: 254M
 Heap Max Capacity: 4042M
 Pre-touch: Disabled
 Parallel Workers: 8
 Concurrent Workers: 2
 Concurrent Refinement Workers: 8
 Periodic GC: Disabled

Heap:
 garbage-first heap   total 260096K, used 24351K [0x0000000703600000, 0x0000000800000000)
  region size 2048K, 12 young (24576K), 2 survivors (4096K)
 Metaspace       used 7162K, committed 7424K, reserved 1114112K
  class space    used 1068K, committed 1216K, reserved 1048576K

Heap Regions: E=young(eden), S=young(survivor), O=old, HS=humongous(starts), HC=humongous(continues), CS=collection set, F=free, OA=open archive, CA=closed archive, TAMS=top-at-mark-start (previous, next)
|   0|0x0000000703600000, 0x00000007037c7e00, 0x0000000703800000| 89%| O|  |TAMS 0x0000000703600000, 0x0000000703600000| Untracked 
|   1|0x0000000703800000, 0x0000000703800000, 0x0000000703a00000|  0%| F|  |TAMS 0x0000000703800000, 0x0000000703800000| Untracked 
|   2|0x0000000703a00000, 0x0000000703a00000, 0x0000000703c00000|  0%| F|  |TAMS 0x0000000703a00000, 0x0000000703a00000| Untracked 
|   3|0x0000000703c00000, 0x0000000703c00000, 0x0000000703e00000|  0%| F|  |TAMS 0x0000000703c00000, 0x0000000703c00000| Untracked 
|   4|0x0000000703e00000, 0x0000000703e00000, 0x0000000704000000|  0%| F|  |TAMS 0x0000000703e00000, 0x0000000703e00000| Untracked 
|   5|0x0000000704000000, 0x0000000704000000, 0x0000000704200000|  0%| F|  |TAMS 0x0000000704000000, 0x0000000704000000| Untracked 
|   6|0x0000000704200000, 0x0000000704200000, 0x0000000704400000|  0%| F|  |TAMS 0x0000000704200000, 0x0000000704200000| Untracked 
|   7|0x0000000704400000, 0x0000000704400000, 0x0000000704600000|  0%| F|  |TAMS 0x0000000704400000, 0x0000000704400000| Untracked 
|   8|0x0000000704600000, 0x0000000704600000, 0x0000000704800000|  0%| F|  |TAMS 0x0000000704600000, 0x0000000704600000| Untracked 
|   9|0x0000000704800000, 0x0000000704800000, 0x0000000704a00000|  0%| F|  |TAMS 0x0000000704800000, 0x0000000704800000| Untracked 
|  10|0x0000000704a00000, 0x0000000704a00000, 0x0000000704c00000|  0%| F|  |TAMS 0x0000000704a00000, 0x0000000704a00000| Untracked 
|  11|0x0000000704c00000, 0x0000000704c00000, 0x0000000704e00000|  0%| F|  |TAMS 0x0000000704c00000, 0x0000000704c00000| Untracked 
|  12|0x0000000704e00000, 0x0000000704e00000, 0x0000000705000000|  0%| F|  |TAMS 0x0000000704e00000, 0x0000000704e00000| Untracked 
|  13|0x0000000705000000, 0x0000000705000000, 0x0000000705200000|  0%| F|  |TAMS 0x0000000705000000, 0x0000000705000000| Untracked 
|  14|0x0000000705200000, 0x0000000705200000, 0x0000000705400000|  0%| F|  |TAMS 0x0000000705200000, 0x0000000705200000| Untracked 
|  15|0x0000000705400000, 0x0000000705400000, 0x0000000705600000|  0%| F|  |TAMS 0x0000000705400000, 0x0000000705400000| Untracked 
|  16|0x0000000705600000, 0x0000000705600000, 0x0000000705800000|  0%| F|  |TAMS 0x0000000705600000, 0x0000000705600000| Untracked 
|  17|0x0000000705800000, 0x0000000705800000, 0x0000000705a00000|  0%| F|  |TAMS 0x0000000705800000, 0x0000000705800000| Untracked 
|  18|0x0000000705a00000, 0x0000000705a00000, 0x0000000705c00000|  0%| F|  |TAMS 0x0000000705a00000, 0x0000000705a00000| Untracked 
|  19|0x0000000705c00000, 0x0000000705c00000, 0x0000000705e00000|  0%| F|  |TAMS 0x0000000705c00000, 0x0000000705c00000| Untracked 
|  20|0x0000000705e00000, 0x0000000705e00000, 0x0000000706000000|  0%| F|  |TAMS 0x0000000705e00000, 0x0000000705e00000| Untracked 
|  21|0x0000000706000000, 0x0000000706000000, 0x0000000706200000|  0%| F|  |TAMS 0x0000000706000000, 0x0000000706000000| Untracked 
|  22|0x0000000706200000, 0x0000000706200000, 0x0000000706400000|  0%| F|  |TAMS 0x0000000706200000, 0x0000000706200000| Untracked 
|  23|0x0000000706400000, 0x0000000706400000, 0x0000000706600000|  0%| F|  |TAMS 0x0000000706400000, 0x0000000706400000| Untracked 
|  24|0x0000000706600000, 0x0000000706600000, 0x0000000706800000|  0%| F|  |TAMS 0x0000000706600000, 0x0000000706600000| Untracked 
|  25|0x0000000706800000, 0x0000000706800000, 0x0000000706a00000|  0%| F|  |TAMS 0x0000000706800000, 0x0000000706800000| Untracked 
|  26|0x0000000706a00000, 0x0000000706a00000, 0x0000000706c00000|  0%| F|  |TAMS 0x0000000706a00000, 0x0000000706a00000| Untracked 
|  27|0x0000000706c00000, 0x0000000706c00000, 0x0000000706e00000|  0%| F|  |TAMS 0x0000000706c00000, 0x0000000706c00000| Untracked 
|  28|0x0000000706e00000, 0x0000000706e00000, 0x0000000707000000|  0%| F|  |TAMS 0x0000000706e00000, 0x0000000706e00000| Untracked 
|  29|0x0000000707000000, 0x0000000707000000, 0x0000000707200000|  0%| F|  |TAMS 0x0000000707000000, 0x0000000707000000| Untracked 
|  30|0x0000000707200000, 0x0000000707200000, 0x0000000707400000|  0%| F|  |TAMS 0x0000000707200000, 0x0000000707200000| Untracked 
|  31|0x0000000707400000, 0x0000000707400000, 0x0000000707600000|  0%| F|  |TAMS 0x0000000707400000, 0x0000000707400000| Untracked 
|  32|0x0000000707600000, 0x0000000707600000, 0x0000000707800000|  0%| F|  |TAMS 0x0000000707600000, 0x0000000707600000| Untracked 
|  33|0x0000000707800000, 0x0000000707800000, 0x0000000707a00000|  0%| F|  |TAMS 0x0000000707800000, 0x0000000707800000| Untracked 
|  34|0x0000000707a00000, 0x0000000707a00000, 0x0000000707c00000|  0%| F|  |TAMS 0x0000000707a00000, 0x0000000707a00000| Untracked 
|  35|0x0000000707c00000, 0x0000000707c00000, 0x0000000707e00000|  0%| F|  |TAMS 0x0000000707c00000, 0x0000000707c00000| Untracked 
|  36|0x0000000707e00000, 0x0000000707e00000, 0x0000000708000000|  0%| F|  |TAMS 0x0000000707e00000, 0x0000000707e00000| Untracked 
|  37|0x0000000708000000, 0x0000000708000000, 0x0000000708200000|  0%| F|  |TAMS 0x0000000708000000, 0x0000000708000000| Untracked 
|  38|0x0000000708200000, 0x0000000708200000, 0x0000000708400000|  0%| F|  |TAMS 0x0000000708200000, 0x0000000708200000| Untracked 
|  39|0x0000000708400000, 0x0000000708400000, 0x0000000708600000|  0%| F|  |TAMS 0x0000000708400000, 0x0000000708400000| Untracked 
|  40|0x0000000708600000, 0x0000000708600000, 0x0000000708800000|  0%| F|  |TAMS 0x0000000708600000, 0x0000000708600000| Untracked 
|  41|0x0000000708800000, 0x0000000708800000, 0x0000000708a00000|  0%| F|  |TAMS 0x0000000708800000, 0x0000000708800000| Untracked 
|  42|0x0000000708a00000, 0x0000000708a00000, 0x0000000708c00000|  0%| F|  |TAMS 0x0000000708a00000, 0x0000000708a00000| Untracked 
|  43|0x0000000708c00000, 0x0000000708c00000, 0x0000000708e00000|  0%| F|  |TAMS 0x0000000708c00000, 0x0000000708c00000| Untracked 
|  44|0x0000000708e00000, 0x0000000708e00000, 0x0000000709000000|  0%| F|  |TAMS 0x0000000708e00000, 0x0000000708e00000| Untracked 
|  45|0x0000000709000000, 0x0000000709000000, 0x0000000709200000|  0%| F|  |TAMS 0x0000000709000000, 0x0000000709000000| Untracked 
|  46|0x0000000709200000, 0x0000000709200000, 0x0000000709400000|  0%| F|  |TAMS 0x0000000709200000, 0x0000000709200000| Untracked 
|  47|0x0000000709400000, 0x0000000709400000, 0x0000000709600000|  0%| F|  |TAMS 0x0000000709400000, 0x0000000709400000| Untracked 
|  48|0x0000000709600000, 0x0000000709600000, 0x0000000709800000|  0%| F|  |TAMS 0x0000000709600000, 0x0000000709600000| Untracked 
|  49|0x0000000709800000, 0x0000000709800000, 0x0000000709a00000|  0%| F|  |TAMS 0x0000000709800000, 0x0000000709800000| Untracked 
|  50|0x0000000709a00000, 0x0000000709a00000, 0x0000000709c00000|  0%| F|  |TAMS 0x0000000709a00000, 0x0000000709a00000| Untracked 
|  51|0x0000000709c00000, 0x0000000709c00000, 0x0000000709e00000|  0%| F|  |TAMS 0x0000000709c00000, 0x0000000709c00000| Untracked 
|  52|0x0000000709e00000, 0x0000000709e00000, 0x000000070a000000|  0%| F|  |TAMS 0x0000000709e00000, 0x0000000709e00000| Untracked 
|  53|0x000000070a000000, 0x000000070a000000, 0x000000070a200000|  0%| F|  |TAMS 0x000000070a000000, 0x000000070a000000| Untracked 
|  54|0x000000070a200000, 0x000000070a200000, 0x000000070a400000|  0%| F|  |TAMS 0x000000070a200000, 0x000000070a200000| Untracked 
|  55|0x000000070a400000, 0x000000070a400000, 0x000000070a600000|  0%| F|  |TAMS 0x000000070a400000, 0x000000070a400000| Untracked 
|  56|0x000000070a600000, 0x000000070a600000, 0x000000070a800000|  0%| F|  |TAMS 0x000000070a600000, 0x000000070a600000| Untracked 
|  57|0x000000070a800000, 0x000000070a800000, 0x000000070aa00000|  0%| F|  |TAMS 0x000000070a800000, 0x000000070a800000| Untracked 
|  58|0x000000070aa00000, 0x000000070aa00000, 0x000000070ac00000|  0%| F|  |TAMS 0x000000070aa00000, 0x000000070aa00000| Untracked 
|  59|0x000000070ac00000, 0x000000070ac00000, 0x000000070ae00000|  0%| F|  |TAMS 0x000000070ac00000, 0x000000070ac00000| Untracked 
|  60|0x000000070ae00000, 0x000000070ae00000, 0x000000070b000000|  0%| F|  |TAMS 0x000000070ae00000, 0x000000070ae00000| Untracked 
|  61|0x000000070b000000, 0x000000070b000000, 0x000000070b200000|  0%| F|  |TAMS 0x000000070b000000, 0x000000070b000000| Untracked 
|  62|0x000000070b200000, 0x000000070b200000, 0x000000070b400000|  0%| F|  |TAMS 0x000000070b200000, 0x000000070b200000| Untracked 
|  63|0x000000070b400000, 0x000000070b400000, 0x000000070b600000|  0%| F|  |TAMS 0x000000070b400000, 0x000000070b400000| Untracked 
|  64|0x000000070b600000, 0x000000070b600000, 0x000000070b800000|  0%| F|  |TAMS 0x000000070b600000, 0x000000070b600000| Untracked 
|  65|0x000000070b800000, 0x000000070b800000, 0x000000070ba00000|  0%| F|  |TAMS 0x000000070b800000, 0x000000070b800000| Untracked 
|  66|0x000000070ba00000, 0x000000070ba00000, 0x000000070bc00000|  0%| F|  |TAMS 0x000000070ba00000, 0x000000070ba00000| Untracked 
|  67|0x000000070bc00000, 0x000000070bc00000, 0x000000070be00000|  0%| F|  |TAMS 0x000000070bc00000, 0x000000070bc00000| Untracked 
|  68|0x000000070be00000, 0x000000070be00000, 0x000000070c000000|  0%| F|  |TAMS 0x000000070be00000, 0x000000070be00000| Untracked 
|  69|0x000000070c000000, 0x000000070c000000, 0x000000070c200000|  0%| F|  |TAMS 0x000000070c000000, 0x000000070c000000| Untracked 
|  70|0x000000070c200000, 0x000000070c200000, 0x000000070c400000|  0%| F|  |TAMS 0x000000070c200000, 0x000000070c200000| Untracked 
|  71|0x000000070c400000, 0x000000070c400000, 0x000000070c600000|  0%| F|  |TAMS 0x000000070c400000, 0x000000070c400000| Untracked 
|  72|0x000000070c600000, 0x000000070c600000, 0x000000070c800000|  0%| F|  |TAMS 0x000000070c600000, 0x000000070c600000| Untracked 
|  73|0x000000070c800000, 0x000000070c800000, 0x000000070ca00000|  0%| F|  |TAMS 0x000000070c800000, 0x000000070c800000| Untracked 
|  74|0x000000070ca00000, 0x000000070ca00000, 0x000000070cc00000|  0%| F|  |TAMS 0x000000070ca00000, 0x000000070ca00000| Untracked 
|  75|0x000000070cc00000, 0x000000070cc00000, 0x000000070ce00000|  0%| F|  |TAMS 0x000000070cc00000, 0x000000070cc00000| Untracked 
|  76|0x000000070ce00000, 0x000000070ce00000, 0x000000070d000000|  0%| F|  |TAMS 0x000000070ce00000, 0x000000070ce00000| Untracked 
|  77|0x000000070d000000, 0x000000070d000000, 0x000000070d200000|  0%| F|  |TAMS 0x000000070d000000, 0x000000070d000000| Untracked 
|  78|0x000000070d200000, 0x000000070d200000, 0x000000070d400000|  0%| F|  |TAMS 0x000000070d200000, 0x000000070d200000| Untracked 
|  79|0x000000070d400000, 0x000000070d400000, 0x000000070d600000|  0%| F|  |TAMS 0x000000070d400000, 0x000000070d400000| Untracked 
|  80|0x000000070d600000, 0x000000070d600000, 0x000000070d800000|  0%| F|  |TAMS 0x000000070d600000, 0x000000070d600000| Untracked 
|  81|0x000000070d800000, 0x000000070d800000, 0x000000070da00000|  0%| F|  |TAMS 0x000000070d800000, 0x000000070d800000| Untracked 
|  82|0x000000070da00000, 0x000000070da00000, 0x000000070dc00000|  0%| F|  |TAMS 0x000000070da00000, 0x000000070da00000| Untracked 
|  83|0x000000070dc00000, 0x000000070dc00000, 0x000000070de00000|  0%| F|  |TAMS 0x000000070dc00000, 0x000000070dc00000| Untracked 
|  84|0x000000070de00000, 0x000000070de00000, 0x000000070e000000|  0%| F|  |TAMS 0x000000070de00000, 0x000000070de00000| Untracked 
|  85|0x000000070e000000, 0x000000070e000000, 0x000000070e200000|  0%| F|  |TAMS 0x000000070e000000, 0x000000070e000000| Untracked 
|  86|0x000000070e200000, 0x000000070e200000, 0x000000070e400000|  0%| F|  |TAMS 0x000000070e200000, 0x000000070e200000| Untracked 
|  87|0x000000070e400000, 0x000000070e400000, 0x000000070e600000|  0%| F|  |TAMS 0x000000070e400000, 0x000000070e400000| Untracked 
|  88|0x000000070e600000, 0x000000070e600000, 0x000000070e800000|  0%| F|  |TAMS 0x000000070e600000, 0x000000070e600000| Untracked 
|  89|0x000000070e800000, 0x000000070e800000, 0x000000070ea00000|  0%| F|  |TAMS 0x000000070e800000, 0x000000070e800000| Untracked 
|  90|0x000000070ea00000, 0x000000070ea00000, 0x000000070ec00000|  0%| F|  |TAMS 0x000000070ea00000, 0x000000070ea00000| Untracked 
|  91|0x000000070ec00000, 0x000000070ec00000, 0x000000070ee00000|  0%| F|  |TAMS 0x000000070ec00000, 0x000000070ec00000| Untracked 
|  92|0x000000070ee00000, 0x000000070ee00000, 0x000000070f000000|  0%| F|  |TAMS 0x000000070ee00000, 0x000000070ee00000| Untracked 
|  93|0x000000070f000000, 0x000000070f000000, 0x000000070f200000|  0%| F|  |TAMS 0x000000070f000000, 0x000000070f000000| Untracked 
|  94|0x000000070f200000, 0x000000070f200000, 0x000000070f400000|  0%| F|  |TAMS 0x000000070f200000, 0x000000070f200000| Untracked 
|  95|0x000000070f400000, 0x000000070f400000, 0x000000070f600000|  0%| F|  |TAMS 0x000000070f400000, 0x000000070f400000| Untracked 
|  96|0x000000070f600000, 0x000000070f600000, 0x000000070f800000|  0%| F|  |TAMS 0x000000070f600000, 0x000000070f600000| Untracked 
|  97|0x000000070f800000, 0x000000070f800000, 0x000000070fa00000|  0%| F|  |TAMS 0x000000070f800000, 0x000000070f800000| Untracked 
|  98|0x000000070fa00000, 0x000000070fa00000, 0x000000070fc00000|  0%| F|  |TAMS 0x000000070fa00000, 0x000000070fa00000| Untracked 
|  99|0x000000070fc00000, 0x000000070fc00000, 0x000000070fe00000|  0%| F|  |TAMS 0x000000070fc00000, 0x000000070fc00000| Untracked 
| 100|0x000000070fe00000, 0x000000070fe00000, 0x0000000710000000|  0%| F|  |TAMS 0x000000070fe00000, 0x000000070fe00000| Untracked 
| 101|0x0000000710000000, 0x0000000710000000, 0x0000000710200000|  0%| F|  |TAMS 0x0000000710000000, 0x0000000710000000| Untracked 
| 102|0x0000000710200000, 0x0000000710200000, 0x0000000710400000|  0%| F|  |TAMS 0x0000000710200000, 0x0000000710200000| Untracked 
| 103|0x0000000710400000, 0x0000000710400000, 0x0000000710600000|  0%| F|  |TAMS 0x0000000710400000, 0x0000000710400000| Untracked 
| 104|0x0000000710600000, 0x0000000710600000, 0x0000000710800000|  0%| F|  |TAMS 0x0000000710600000, 0x0000000710600000| Untracked 
| 105|0x0000000710800000, 0x0000000710800000, 0x0000000710a00000|  0%| F|  |TAMS 0x0000000710800000, 0x0000000710800000| Untracked 
| 106|0x0000000710a00000, 0x0000000710a00000, 0x0000000710c00000|  0%| F|  |TAMS 0x0000000710a00000, 0x0000000710a00000| Untracked 
| 107|0x0000000710c00000, 0x0000000710c00000, 0x0000000710e00000|  0%| F|  |TAMS 0x0000000710c00000, 0x0000000710c00000| Untracked 
| 108|0x0000000710e00000, 0x0000000710e00000, 0x0000000711000000|  0%| F|  |TAMS 0x0000000710e00000, 0x0000000710e00000| Untracked 
| 109|0x0000000711000000, 0x0000000711000000, 0x0000000711200000|  0%| F|  |TAMS 0x0000000711000000, 0x0000000711000000| Untracked 
| 110|0x0000000711200000, 0x0000000711200000, 0x0000000711400000|  0%| F|  |TAMS 0x0000000711200000, 0x0000000711200000| Untracked 
| 111|0x0000000711400000, 0x0000000711400000, 0x0000000711600000|  0%| F|  |TAMS 0x0000000711400000, 0x0000000711400000| Untracked 
| 112|0x0000000711600000, 0x0000000711600000, 0x0000000711800000|  0%| F|  |TAMS 0x0000000711600000, 0x0000000711600000| Untracked 
| 113|0x0000000711800000, 0x0000000711800000, 0x0000000711a00000|  0%| F|  |TAMS 0x0000000711800000, 0x0000000711800000| Untracked 
| 114|0x0000000711a00000, 0x0000000711c00000, 0x0000000711c00000|100%| S|CS|TAMS 0x0000000711a00000, 0x0000000711a00000| Complete 
| 115|0x0000000711c00000, 0x0000000711e00000, 0x0000000711e00000|100%| S|CS|TAMS 0x0000000711c00000, 0x0000000711c00000| Complete 
| 116|0x0000000711e00000, 0x0000000711e00000, 0x0000000712000000|  0%| F|  |TAMS 0x0000000711e00000, 0x0000000711e00000| Untracked 
| 117|0x0000000712000000, 0x0000000712089900, 0x0000000712200000| 26%| E|  |TAMS 0x0000000712000000, 0x0000000712000000| Complete 
| 118|0x0000000712200000, 0x0000000712400000, 0x0000000712400000|100%| E|CS|TAMS 0x0000000712200000, 0x0000000712200000| Complete 
| 119|0x0000000712400000, 0x0000000712600000, 0x0000000712600000|100%| E|CS|TAMS 0x0000000712400000, 0x0000000712400000| Complete 
| 120|0x0000000712600000, 0x0000000712800000, 0x0000000712800000|100%| E|CS|TAMS 0x0000000712600000, 0x0000000712600000| Complete 
| 121|0x0000000712800000, 0x0000000712a00000, 0x0000000712a00000|100%| E|CS|TAMS 0x0000000712800000, 0x0000000712800000| Complete 
| 122|0x0000000712a00000, 0x0000000712c00000, 0x0000000712c00000|100%| E|CS|TAMS 0x0000000712a00000, 0x0000000712a00000| Complete 
| 123|0x0000000712c00000, 0x0000000712e00000, 0x0000000712e00000|100%| E|CS|TAMS 0x0000000712c00000, 0x0000000712c00000| Complete 
| 124|0x0000000712e00000, 0x0000000713000000, 0x0000000713000000|100%| E|CS|TAMS 0x0000000712e00000, 0x0000000712e00000| Complete 
| 125|0x0000000713000000, 0x0000000713200000, 0x0000000713200000|100%| E|CS|TAMS 0x0000000713000000, 0x0000000713000000| Complete 
| 126|0x0000000713200000, 0x0000000713400000, 0x0000000713400000|100%| E|CS|TAMS 0x0000000713200000, 0x0000000713200000| Complete 

Card table byte_map: [0x000001ab71bf0000,0x000001ab723e0000] _byte_map_base: 0x000001ab6e3d5000

Marking Bits (Prev, Next): (CMBitMap*) 0x000001ab66aba4d0, (CMBitMap*) 0x000001ab66aba510
 Prev Bits: [0x000001ab72bd0000, 0x000001ab76af8000)
 Next Bits: [0x000001ab76b00000, 0x000001ab7aa28000)

Polling page: 0x000001ab649b0000

Metaspace:

Usage:
  Non-class:      5.95 MB used.
      Class:      1.04 MB used.
       Both:      6.99 MB used.

Virtual space:
  Non-class space:       64.00 MB reserved,       6.06 MB (  9%) committed,  1 nodes.
      Class space:        1.00 GB reserved,       1.19 MB ( <1%) committed,  1 nodes.
             Both:        1.06 GB reserved,       7.25 MB ( <1%) committed. 

Chunk freelists:
   Non-Class:  7.86 MB
       Class:  14.67 MB
        Both:  22.53 MB

MaxMetaspaceSize: unlimited
CompressedClassSpaceSize: 1.00 GB
Initial GC threshold: 21.00 MB
Current GC threshold: 21.00 MB
CDS: on
MetaspaceReclaimPolicy: balanced
 - commit_granule_bytes: 65536.
 - commit_granule_words: 8192.
 - virtual_space_node_default_size: 8388608.
 - enlarge_chunks_in_place: 1.
 - new_chunks_are_fully_committed: 0.
 - uncommit_free_chunks: 1.
 - use_allocation_guard: 0.
 - handle_deallocations: 1.


Internal statistics:

num_allocs_failed_limit: 0.
num_arena_births: 216.
num_arena_deaths: 0.
num_vsnodes_births: 2.
num_vsnodes_deaths: 0.
num_space_committed: 116.
num_space_uncommitted: 0.
num_chunks_returned_to_freelist: 0.
num_chunks_taken_from_freelist: 495.
num_chunk_merges: 0.
num_chunk_splits: 301.
num_chunks_enlarged: 208.
num_inconsistent_stats: 0.

CodeCache: size=49152Kb used=4779Kb max_used=4779Kb free=44372Kb
 bounds [0x000001ab6e2f0000, 0x000001ab6e7a0000, 0x000001ab712f0000]
 total_blobs=2113 nmethods=1686 adapters=352
 compilation: enabled
              stopped_count=0, restarted_count=0
 full_count=0

Compilation events (20 events):
Event: 10.410 Thread 0x000001ab7d79dce0 nmethod 1677 0x000001ab6e796390 code [0x000001ab6e796540, 0x000001ab6e796878]
Event: 10.410 Thread 0x000001ab7d79ed70 nmethod 1678 0x000001ab6e796990 code [0x000001ab6e796b40, 0x000001ab6e796e78]
Event: 10.413 Thread 0x000001ab7d79ed70 1679       1       java.util.ArrayDeque::<init> (14 bytes)
Event: 10.413 Thread 0x000001ab7d79ed70 nmethod 1679 0x000001ab6e796f10 code [0x000001ab6e7970a0, 0x000001ab6e797258]
Event: 10.413 Thread 0x000001ab7d79ed70 1680       1       java.util.LinkedHashMap::get (29 bytes)
Event: 10.413 Thread 0x000001ab7d79dce0 1681       1       org.springframework.boot.context.properties.bind.MapBinder$$Lambda$187/0x000001ab01123928::test (12 bytes)
Event: 10.413 Thread 0x000001ab7d79ed70 nmethod 1680 0x000001ab6e797310 code [0x000001ab6e7974c0, 0x000001ab6e797638]
Event: 10.414 Thread 0x000001ab7d79dce0 nmethod 1681 0x000001ab6e797710 code [0x000001ab6e7978c0, 0x000001ab6e797ad8]
Event: 10.415 Thread 0x000001ab7d79dce0 1682       1       java.lang.invoke.MethodHandles$Lookup::getDirectMethodCommon (280 bytes)
Event: 10.415 Thread 0x000001ab7d79ed70 1683       1       java.lang.invoke.MethodHandles$Lookup::checkMethod (87 bytes)
Event: 10.415 Thread 0x000001ab7d5452b0 1684       1       java.lang.invoke.MethodHandles$Lookup::maybeBindCaller (72 bytes)
Event: 10.415 Thread 0x000001ab7d79ed70 nmethod 1683 0x000001ab6e797c90 code [0x000001ab6e797e40, 0x000001ab6e798038]
Event: 10.415 Thread 0x000001ab7d5452b0 nmethod 1684 0x000001ab6e798110 code [0x000001ab6e7982e0, 0x000001ab6e7985c8]
Event: 10.416 Thread 0x000001ab7d79ed70 1685       1       java.util.stream.SpinedBuffer::<init> (18 bytes)
Event: 10.416 Thread 0x000001ab7d5452b0 1686       1       java.util.stream.AbstractSpinedBuffer::<init> (10 bytes)
Event: 10.416 Thread 0x000001ab7d5452b0 nmethod 1686 0x000001ab6e798710 code [0x000001ab6e7988a0, 0x000001ab6e798978]
Event: 10.416 Thread 0x000001ab7d79ed70 nmethod 1685 0x000001ab6e798a10 code [0x000001ab6e798ba0, 0x000001ab6e798d58]
Event: 10.416 Thread 0x000001ab7d79dce0 nmethod 1682 0x000001ab6e798e10 code [0x000001ab6e799080, 0x000001ab6e7997d8]
Event: 10.416 Thread 0x000001ab7d79dce0 1687   !   1       java.lang.invoke.MethodHandles$Lookup::canBeCached (150 bytes)
Event: 10.418 Thread 0x000001ab7d79dce0 nmethod 1687 0x000001ab6e799c10 code [0x000001ab6e799ea0, 0x000001ab6e79a8e8]

GC Heap History (2 events):
Event: 5.603 GC heap before
{Heap before GC invocations=0 (full 0):
 garbage-first heap   total 260096K, used 22528K [0x0000000703600000, 0x0000000800000000)
  region size 2048K, 11 young (22528K), 0 survivors (0K)
 Metaspace       used 3589K, committed 3712K, reserved 1114112K
  class space    used 481K, committed 512K, reserved 1048576K
}
Event: 5.859 GC heap after
{Heap after GC invocations=1 (full 0):
 garbage-first heap   total 260096K, used 5919K [0x0000000703600000, 0x0000000800000000)
  region size 2048K, 2 young (4096K), 2 survivors (4096K)
 Metaspace       used 3589K, committed 3712K, reserved 1114112K
  class space    used 481K, committed 512K, reserved 1048576K
}

Deoptimization events (0 events):
No events

Classes unloaded (0 events):
No events

Classes redefined (0 events):
No events

Internal exceptions (20 events):
Event: 8.119 Thread 0x000001ab7dff5030 Exception <a 'java/lang/NoSuchMethodError'{0x0000000712b59b48}: 'void java.lang.invoke.DirectMethodHandle$Holder.invokeStaticInit(java.lang.Object, java.lang.Object)'> (0x0000000712b59b48) 
thrown [s\open\src\hotspot\share\interpreter\linkResolver.cpp, line 759]
Event: 8.258 Thread 0x000001ab7dff5030 Exception <a 'java/lang/NoSuchMethodError'{0x0000000712bb5da8}: 'int java.lang.invoke.DirectMethodHandle$Holder.invokeStatic(java.lang.Object, java.lang.Object, java.lang.Object, java.lang.Object)'> (0x0000000712bb5da8) 
thrown [s\open\src\hotspot\share\interpreter\linkResolver.cpp, line 759]
Event: 8.432 Thread 0x000001ab7dff5030 Exception <a 'java/lang/NoSuchMethodError'{0x000000071281c550}: 'java.lang.Object java.lang.invoke.DirectMethodHandle$Holder.invokeSpecial(java.lang.Object, java.lang.Object, java.lang.Object, java.lang.Object, java.lang.Object, java.lang.Object, int)'> (0x000000071281c550) 
thrown [s\open\src\hotspot\share\interpreter\linkResolver.cpp, line 759]
Event: 8.432 Thread 0x000001ab7dff5030 Exception <a 'java/lang/NoSuchMethodError'{0x0000000712826ab8}: 'java.lang.Object java.lang.invoke.DirectMethodHandle$Holder.newInvokeSpecial(java.lang.Object, java.lang.Object, java.lang.Object, java.lang.Object, java.lang.Object, java.lang.Object, int)'> (0x0000000712826ab8) 
thrown [s\open\src\hotspot\share\interpreter\linkResolver.cpp, line 759]
Event: 8.433 Thread 0x000001ab7dff5030 Exception <a 'java/lang/NoSuchMethodError'{0x000000071282baf8}: 'java.lang.Object java.lang.invoke.DirectMethodHandle$Holder.invokeSpecial(java.lang.Object, java.lang.Object, java.lang.Object, java.lang.Object, java.lang.Object, java.lang.Object, java.lang.Object, int)'> (0x000000071282baf8) 
thrown [s\open\src\hotspot\share\interpreter\linkResolver.cpp, line 759]
Event: 8.623 Thread 0x000001ab7dff5030 Exception <a 'java/lang/NoSuchMethodError'{0x000000071299ccf0}: 'int java.lang.invoke.DirectMethodHandle$Holder.invokeInterface(java.lang.Object, java.lang.Object)'> (0x000000071299ccf0) 
thrown [s\open\src\hotspot\share\interpreter\linkResolver.cpp, line 759]
Event: 8.651 Thread 0x000001ab7dff5030 Exception <a 'java/lang/NoSuchMethodError'{0x00000007129c8360}: 'void java.lang.invoke.DirectMethodHandle$Holder.invokeSpecial(java.lang.Object, java.lang.Object, java.lang.Object, java.lang.Object, java.lang.Object)'> (0x00000007129c8360) 
thrown [s\open\src\hotspot\share\interpreter\linkResolver.cpp, line 759]
Event: 8.696 Thread 0x000001ab7dff5030 Exception <a 'java/lang/NoSuchMethodError'{0x000000071262a988}: 'int java.lang.invoke.DirectMethodHandle$Holder.invokeVirtual(java.lang.Object, java.lang.Object)'> (0x000000071262a988) 
thrown [s\open\src\hotspot\share\interpreter\linkResolver.cpp, line 759]
Event: 9.009 Thread 0x000001ab7dff5030 Exception <a 'java/lang/NoSuchMethodError'{0x00000007126e3c20}: 'java.lang.Object java.lang.invoke.DirectMethodHandle$Holder.invokeSpecial(java.lang.Object, java.lang.Object, java.lang.Object, int, java.lang.Object)'> (0x00000007126e3c20) 
thrown [s\open\src\hotspot\share\interpreter\linkResolver.cpp, line 759]
Event: 9.011 Thread 0x000001ab7dff5030 Exception <a 'java/lang/NoSuchMethodError'{0x00000007126ec280}: 'java.lang.Object java.lang.invoke.DirectMethodHandle$Holder.newInvokeSpecial(java.lang.Object, java.lang.Object, java.lang.Object, int, java.lang.Object)'> (0x00000007126ec280) 
thrown [s\open\src\hotspot\share\interpreter\linkResolver.cpp, line 759]
Event: 9.012 Thread 0x000001ab7dff5030 Exception <a 'java/lang/NoSuchMethodError'{0x00000007126f3c50}: 'java.lang.Object java.lang.invoke.Invokers$Holder.linkToTargetMethod(java.lang.Object, java.lang.Object, int, java.lang.Object, java.lang.Object)'> (0x00000007126f3c50) 
thrown [s\open\src\hotspot\share\interpreter\linkResolver.cpp, line 759]
Event: 9.015 Thread 0x000001ab7dff5030 Exception <a 'java/lang/NoSuchMethodError'{0x00000007127045f8}: 'java.lang.Object java.lang.invoke.DirectMethodHandle$Holder.newInvokeSpecial(java.lang.Object, int, java.lang.Object)'> (0x00000007127045f8) 
thrown [s\open\src\hotspot\share\interpreter\linkResolver.cpp, line 759]
Event: 9.015 Thread 0x000001ab7dff5030 Exception <a 'java/lang/NoSuchMethodError'{0x00000007127092d8}: 'int java.lang.invoke.DirectMethodHandle$Holder.invokeSpecialIFC(java.lang.Object, java.lang.Object, java.lang.Object, java.lang.Object)'> (0x00000007127092d8) 
thrown [s\open\src\hotspot\share\interpreter\linkResolver.cpp, line 759]
Event: 9.290 Thread 0x000001ab7dff5030 Exception <a 'java/lang/NoSuchMethodError'{0x000000071241a810}: 'void java.lang.invoke.DirectMethodHandle$Holder.invokeInterface(java.lang.Object, java.lang.Object, java.lang.Object)'> (0x000000071241a810) 
thrown [s\open\src\hotspot\share\interpreter\linkResolver.cpp, line 759]
Event: 9.499 Thread 0x000001ab7dff5030 Exception <a 'java/lang/NoSuchMethodError'{0x00000007124e5cc0}: 'void java.lang.invoke.DirectMethodHandle$Holder.invokeStaticInit(java.lang.Object, java.lang.Object, java.lang.Object)'> (0x00000007124e5cc0) 
thrown [s\open\src\hotspot\share\interpreter\linkResolver.cpp, line 759]
Event: 9.510 Thread 0x000001ab7dff5030 Exception <a 'java/lang/NoSuchMethodError'{0x0000000712536750}: 'java.lang.Object java.lang.invoke.DirectMethodHandle$Holder.invokeVirtual(java.lang.Object, java.lang.Object, java.lang.Object)'> (0x0000000712536750) 
thrown [s\open\src\hotspot\share\interpreter\linkResolver.cpp, line 759]
Event: 9.617 Thread 0x000001ab7dff5030 Exception <a 'java/lang/NoSuchMethodError'{0x00000007125c3650}: 'void java.lang.invoke.DirectMethodHandle$Holder.invokeVirtual(java.lang.Object, java.lang.Object, java.lang.Object, java.lang.Object)'> (0x00000007125c3650) 
thrown [s\open\src\hotspot\share\interpreter\linkResolver.cpp, line 759]
Event: 9.921 Thread 0x000001ab7dff5030 Exception <a 'java/lang/NoSuchMethodError'{0x000000071227bcd8}: 'java.lang.Object java.lang.invoke.DirectMethodHandle$Holder.invokeSpecial(java.lang.Object, java.lang.Object, long, java.lang.Object, java.lang.Object, java.lang.Object, java.lang.Object, java.lang.Object, java.lang.Object)'> (0x000000071227bcd8) 
thrown [s\open\src\hotspot\share\interpreter\linkResolver.cpp, line 759]
Event: 9.922 Thread 0x000001ab7dff5030 Exception <a 'java/lang/NoSuchMethodError'{0x0000000712280558}: 'java.lang.Object java.lang.invoke.DelegatingMethodHandle$Holder.reinvoke_L(java.lang.Object, long, java.lang.Object, java.lang.Object, java.lang.Object, java.lang.Object, java.lang.Object, java.lang.Object)'> (0x0000000712280558) 
thrown [s\open\src\hotspot\share\interpreter\linkResolver.cpp, line 759]
Event: 10.414 Thread 0x000001ab7dff5030 Exception <a 'java/lang/NoSuchMethodError'{0x0000000712047150}: 'void java.lang.invoke.DirectMethodHandle$Holder.invokeSpecial(java.lang.Object, java.lang.Object, java.lang.Object)'> (0x0000000712047150) 
thrown [s\open\src\hotspot\share\interpreter\linkResolver.cpp, line 759]

VM Operations (20 events):
Event: 3.563 Executing VM operation: HandshakeAllThreads
Event: 3.563 Executing VM operation: HandshakeAllThreads done
Event: 3.563 Executing VM operation: Cleanup
Event: 3.563 Executing VM operation: Cleanup done
Event: 4.572 Executing VM operation: Cleanup
Event: 4.573 Executing VM operation: Cleanup done
Event: 5.581 Executing VM operation: Cleanup
Event: 5.600 Executing VM operation: Cleanup done
Event: 5.603 Executing VM operation: G1CollectForAllocation
Event: 5.859 Executing VM operation: G1CollectForAllocation done
Event: 6.583 Executing VM operation: HandshakeAllThreads
Event: 6.583 Executing VM operation: HandshakeAllThreads done
Event: 7.592 Executing VM operation: Cleanup
Event: 7.608 Executing VM operation: Cleanup done
Event: 8.616 Executing VM operation: Cleanup
Event: 8.616 Executing VM operation: Cleanup done
Event: 9.620 Executing VM operation: Cleanup
Event: 9.622 Executing VM operation: Cleanup done
Event: 10.410 Executing VM operation: HandshakeAllThreads
Event: 10.410 Executing VM operation: HandshakeAllThreads done

Events (20 events):
Event: 9.559 loading class java/io/UnsupportedEncodingException
Event: 9.560 loading class java/io/UnsupportedEncodingException done
Event: 9.560 loading class java/nio/charset/CharacterCodingException
Event: 9.560 loading class java/nio/charset/CharacterCodingException done
Event: 9.613 loading class java/util/concurrent/ScheduledExecutorService
Event: 9.613 loading class java/util/concurrent/ScheduledExecutorService done
Event: 9.613 loading class java/util/concurrent/Executors$DefaultThreadFactory
Event: 9.615 loading class java/util/concurrent/Executors$DefaultThreadFactory done
Event: 9.655 loading class java/util/Collections$UnmodifiableMap$UnmodifiableEntrySet
Event: 9.655 loading class java/util/Collections$UnmodifiableMap$UnmodifiableEntrySet done
Event: 9.655 loading class java/util/Collections$UnmodifiableMap$UnmodifiableEntrySet$UnmodifiableEntrySetSpliterator
Event: 9.655 loading class java/util/Collections$UnmodifiableMap$UnmodifiableEntrySet$UnmodifiableEntrySetSpliterator done
Event: 9.655 loading class java/util/HashMap$EntrySpliterator
Event: 9.659 loading class java/util/HashMap$EntrySpliterator done
Event: 9.661 loading class java/util/Collections$UnmodifiableMap$UnmodifiableEntrySet$UnmodifiableEntry
Event: 9.661 loading class java/util/Collections$UnmodifiableMap$UnmodifiableEntrySet$UnmodifiableEntry done
Event: 9.945 loading class java/util/Stack
Event: 9.945 loading class java/util/Stack done
Event: 9.945 loading class java/util/Vector$Itr
Event: 9.945 loading class java/util/Vector$Itr done


Dynamic libraries:
0x00007ff6caea0000 - 0x00007ff6caeb0000 	C:\Program Files\Java\jdk-17\bin\java.exe
0x00007ffb4aec0000 - 0x00007ffb4b127000 	C:\WINDOWS\SYSTEM32\ntdll.dll
0x00007ffb4a9d0000 - 0x00007ffb4aa99000 	C:\WINDOWS\System32\KERNEL32.DLL
0x00007ffb47880000 - 0x00007ffb47c74000 	C:\WINDOWS\System32\KERNELBASE.dll
0x00007ffb48630000 - 0x00007ffb4877b000 	C:\WINDOWS\System32\ucrtbase.dll
0x00007ffb364c0000 - 0x00007ffb364d9000 	C:\Program Files\Java\jdk-17\bin\jli.dll
0x00007ffb4a420000 - 0x00007ffb4a4d6000 	C:\WINDOWS\System32\ADVAPI32.dll
0x00007ffb4acd0000 - 0x00007ffb4ad79000 	C:\WINDOWS\System32\msvcrt.dll
0x00007ffb4a270000 - 0x00007ffb4a317000 	C:\WINDOWS\System32\sechost.dll
0x00007ffb49a40000 - 0x00007ffb49b58000 	C:\WINDOWS\System32\RPCRT4.dll
0x00007ffb48fc0000 - 0x00007ffb49185000 	C:\WINDOWS\System32\USER32.dll
0x00007ffb47790000 - 0x00007ffb477b7000 	C:\WINDOWS\System32\win32u.dll
0x00007ffb491d0000 - 0x00007ffb491fb000 	C:\WINDOWS\System32\GDI32.dll
0x00007ffb48900000 - 0x00007ffb48a2b000 	C:\WINDOWS\System32\gdi32full.dll
0x00007ffb48ba0000 - 0x00007ffb48c43000 	C:\WINDOWS\System32\msvcp_win.dll
0x00007ffb429e0000 - 0x00007ffb429fb000 	C:\Program Files\Java\jdk-17\bin\VCRUNTIME140.dll
0x00007ffb31040000 - 0x00007ffb312d3000 	C:\WINDOWS\WinSxS\amd64_microsoft.windows.common-controls_6595b64144ccf1df_6.0.26100.8115_none_3e075c82e3354f9c\COMCTL32.dll
0x00007ffb390c0000 - 0x00007ffb390cb000 	C:\WINDOWS\SYSTEM32\VERSION.dll
0x00007ffb49200000 - 0x00007ffb49232000 	C:\WINDOWS\System32\IMM32.DLL
0x00007ffb42a90000 - 0x00007ffb42a9c000 	C:\Program Files\Java\jdk-17\bin\vcruntime140_1.dll
0x00007ffb0eb20000 - 0x00007ffb0ebae000 	C:\Program Files\Java\jdk-17\bin\msvcp140.dll
0x00007ffac4fc0000 - 0x00007ffac5ba0000 	C:\Program Files\Java\jdk-17\bin\server\jvm.dll
0x00007ffb49bf0000 - 0x00007ffb49bf8000 	C:\WINDOWS\System32\PSAPI.DLL
0x00007ffb44a00000 - 0x00007ffb44a0a000 	C:\WINDOWS\SYSTEM32\WSOCK32.dll
0x00007ffb49b60000 - 0x00007ffb49be0000 	C:\WINDOWS\System32\WS2_32.dll
0x00007ffb313b0000 - 0x00007ffb313e6000 	C:\WINDOWS\SYSTEM32\WINMM.dll
0x00007ffb464e0000 - 0x00007ffb464fb000 	C:\WINDOWS\SYSTEM32\kernel.appcore.dll
0x00007ffb42990000 - 0x00007ffb4299a000 	C:\Program Files\Java\jdk-17\bin\jimage.dll
0x00007ffb45130000 - 0x00007ffb45372000 	C:\WINDOWS\SYSTEM32\DBGHELP.DLL
0x00007ffb4a560000 - 0x00007ffb4a8e2000 	C:\WINDOWS\System32\combase.dll
0x00007ffb4a8f0000 - 0x00007ffb4a9c8000 	C:\WINDOWS\System32\OLEAUT32.dll
0x00007ffb30300000 - 0x00007ffb3033b000 	C:\WINDOWS\SYSTEM32\dbgcore.DLL
0x00007ffb48580000 - 0x00007ffb48625000 	C:\WINDOWS\System32\bcryptPrimitives.dll
0x00007ffb348c0000 - 0x00007ffb348e5000 	C:\Program Files\Java\jdk-17\bin\java.dll
0x00007ffb0a390000 - 0x00007ffb0a467000 	C:\Program Files\Java\jdk-17\bin\jsvml.dll
0x00007ffb492d0000 - 0x00007ffb49a37000 	C:\WINDOWS\System32\SHELL32.dll
0x00007ffb48a30000 - 0x00007ffb48b9a000 	C:\WINDOWS\System32\wintypes.dll
0x00007ffb47d10000 - 0x00007ffb48578000 	C:\WINDOWS\System32\windows.storage.dll
0x00007ffb49c00000 - 0x00007ffb49cf8000 	C:\WINDOWS\System32\SHCORE.dll
0x00007ffb4ae00000 - 0x00007ffb4ae66000 	C:\WINDOWS\System32\shlwapi.dll
0x00007ffb476b0000 - 0x00007ffb476d9000 	C:\WINDOWS\SYSTEM32\profapi.dll
0x00007ffb36430000 - 0x00007ffb36449000 	C:\Program Files\Java\jdk-17\bin\net.dll
0x00007ffb3f8a0000 - 0x00007ffb3f9cd000 	C:\WINDOWS\SYSTEM32\WINHTTP.dll
0x00007ffb46a30000 - 0x00007ffb46a9c000 	C:\WINDOWS\system32\mswsock.dll
0x00007ffb36290000 - 0x00007ffb362a6000 	C:\Program Files\Java\jdk-17\bin\nio.dll
0x00007ffb36200000 - 0x00007ffb36218000 	C:\Program Files\Java\jdk-17\bin\zip.dll
0x00007ffb36560000 - 0x00007ffb3656a000 	C:\Program Files\Java\jdk-17\bin\management.dll
0x00007ffb36510000 - 0x00007ffb3651b000 	C:\Program Files\Java\jdk-17\bin\management_ext.dll

dbghelp: loaded successfully - version: 4.0.5 - missing functions: none
symbol engine: initialized successfully - sym options: 0x614 - pdb path: .;C:\Program Files\Java\jdk-17\bin;C:\WINDOWS\SYSTEM32;C:\WINDOWS\WinSxS\amd64_microsoft.windows.common-controls_6595b64144ccf1df_6.0.26100.8115_none_3e075c82e3354f9c;C:\Program Files\Java\jdk-17\bin\server

VM Arguments:
jvm_args: -XX:TieredStopAtLevel=1 
java_command: tn.matchmakers.userservice.UserServiceApplication
java_class_path (initial): C:\Users\user\OneDrive\Bureau\pi2026\MatchMakers\Backend\UserService\target\classes;C:\Users\user\.m2\repository\ch\qos\logback\logback-classic\1.5.21\logback-classic-1.5.21.jar;C:\Users\user\.m2\repository\ch\qos\logback\logback-core\1.5.21\logback-core-1.5.21.jar;C:\Users\user\.m2\repository\org\apache\logging\log4j\log4j-to-slf4j\2.24.3\log4j-to-slf4j-2.24.3.jar;C:\Users\user\.m2\repository\org\apache\logging\log4j\log4j-api\2.24.3\log4j-api-2.24.3.jar;C:\Users\user\.m2\repository\org\slf4j\jul-to-slf4j\2.0.17\jul-to-slf4j-2.0.17.jar;C:\Users\user\.m2\repository\jakarta\annotation\jakarta.annotation-api\2.1.1\jakarta.annotation-api-2.1.1.jar;C:\Users\user\.m2\repository\org\yaml\snakeyaml\2.3\snakeyaml-2.3.jar;C:\Users\user\.m2\repository\com\fasterxml\jackson\datatype\jackson-datatype-jdk8\2.18.5\jackson-datatype-jdk8-2.18.5.jar;C:\Users\user\.m2\repository\com\fasterxml\jackson\datatype\jackson-datatype-jsr310\2.18.5\jackson-datatype-jsr310-2.18.5.jar;C:\Users\user\.m2\repository\com\fasterxml\jackson\module\jackson-module-parameter-names\2.18.5\jackson-module-parameter-names-2.18.5.jar;C:\Users\user\.m2\repository\org\apache\tomcat\embed\tomcat-embed-core\10.1.49\tomcat-embed-core-10.1.49.jar;C:\Users\user\.m2\repository\org\apache\tomcat\embed\tomcat-embed-websocket\10.1.49\tomcat-embed-websocket-10.1.49.jar;C:\Users\user\.m2\repository\org\springframework\spring-web\6.2.14\spring-web-6.2.14.jar;C:\Users\user\.m2\repository\org\springframework\spring-beans\6.2.14\spring-beans-6.2.14.jar;C:\Users\user\.m2\repository\org\springframework\spring-webmvc\6.2.14\spring-webmvc-6.2.14.jar;C:\Users\user\.m2\repository\org\springframework\spring-context\6.2.14\spring-context-6.2.14.jar;C:\Users\user\.m2\repository\org\springframework\spring-expression\6.2.14\spring-expression-6.2.14.jar;C:\Users\user\.m2\repository\org\mongodb\mongodb-driver-sync\5.2.1\mongodb-driver-sync-5.2.1.jar;C:\Users\user\.m2\repository\org\mongodb\bson\5.2.1\bson-5.2
Launcher Type: SUN_STANDARD

[Global flags]
     intx CICompilerCount                          = 4                                         {product} {ergonomic}
     uint ConcGCThreads                            = 2                                         {product} {ergonomic}
     uint G1ConcRefinementThreads                  = 8                                         {product} {ergonomic}
   size_t G1HeapRegionSize                         = 2097152                                   {product} {ergonomic}
    uintx GCDrainStackTargetSize                   = 64                                        {product} {ergonomic}
   size_t InitialHeapSize                          = 266338304                                 {product} {ergonomic}
   size_t MarkStackSize                            = 4194304                                   {product} {ergonomic}
   size_t MaxHeapSize                              = 4238344192                                {product} {ergonomic}
   size_t MaxNewSize                               = 2541748224                                {product} {ergonomic}
   size_t MinHeapDeltaBytes                        = 2097152                                   {product} {ergonomic}
   size_t MinHeapSize                              = 8388608                                   {product} {ergonomic}
    uintx NonProfiledCodeHeapSize                  = 0                                      {pd product} {ergonomic}
     bool ProfileInterpreter                       = false                                  {pd product} {command line}
    uintx ProfiledCodeHeapSize                     = 0                                      {pd product} {ergonomic}
   size_t SoftMaxHeapSize                          = 4238344192                             {manageable} {ergonomic}
     intx TieredStopAtLevel                        = 1                                         {product} {command line}
     bool UseCompressedClassPointers               = true                           {product lp64_product} {ergonomic}
     bool UseCompressedOops                        = true                           {product lp64_product} {ergonomic}
     bool UseG1GC                                  = true                                      {product} {ergonomic}
     bool UseLargePagesIndividualAllocation        = false                                  {pd product} {ergonomic}

Logging:
Log output configuration:
 #0: stdout all=warning uptime,level,tags
 #1: stderr all=off uptime,level,tags

Environment Variables:
PATH=C:\Program Files\Common Files\Oracle\Java\javapath;C:\Program Files (x86)\VMware\VMware Workstation\bin\;C:\WINDOWS\system32;C:\WINDOWS;C:\WINDOWS\System32\Wbem;C:\WINDOWS\System32\WindowsPowerShell\v1.0\;C:\WINDOWS\System32\OpenSSH\;C:\xampp\php;C:\ProgramData\ComposerSetup\bin;C:\Program Files\nodejs\;C:\Program Files\Git\cmd;C:\Program Files (x86)\Microsoft SQL Server\160\Tools\Binn\;C:\Program Files\Microsoft SQL Server\160\Tools\Binn\;C:\Program Files\Microsoft SQL Server\Client SDK\ODBC\170\Tools\Binn\;C:\Program Files\Microsoft SQL Server\160\DTS\Binn\;C:\Program Files (x86)\Microsoft SQL Server\160\DTS\Binn\;C:\Program Files\Microsoft SQL Server\150\Tools\Binn\;C:\Program Files\Microsoft SQL Server\130\DTS\Binn\;C:\Program Files\Microsoft SQL Server\140\DTS\Binn\;C:\Program Files\Microsoft SQL Server\150\DTS\Binn\;C:\Program Files\Microsoft SQL Server\170\DTS\Binn\;C:\Program Files\Docker\Docker\resources\bin;C:\Program Files\Apache\Maven\apache-maven-3.9.12\bin;C:\sonar-scanner-cli-5.0.2.4997-windows\sonar-scanner-5.0.2.4997-windows\bin;C:\Program Files\dotnet\;C:\Users\user\scoop\shims;C:\Users\user\AppData\Local\Microsoft\WindowsApps;C:\Program Files\JetBrains\IntelliJ IDEA 2023.3.4\bin;;C:\Users\user\AppData\Local\Programs\Microsoft VS Code\bin;C:\Users\user\AppData\Roaming\Composer\vendor\bin;C:\Program Files\MongoDB\Server\4.0\bin;C:\Users\user\AppData\Roaming\npm;C:\Users\user\AppData\Local\Programs\Windsurf\bin;C:\Users\user\.dotnet\tools;C:\Users\user\AppData\Local\Python\bin;C:\Users\user\AppData\Local\Programs\Antigravity\bin
USERNAME=user
LANG=en_US.UTF-8
OS=Windows_NT
PROCESSOR_IDENTIFIER=Intel64 Family 6 Model 142 Stepping 12, GenuineIntel



---------------  S Y S T E M  ---------------

OS:
 Windows 11 , 64 bit Build 26100 (10.0.26100.8246)
OS uptime: 0 days 1:49 hours
Hyper-V role detected

CPU: total 8 (initial active 8) (4 cores per cpu, 2 threads per core) family 6 model 142 stepping 12 microcode 0xf8, cx8, cmov, fxsr, ht, mmx, 3dnowpref, sse, sse2, sse3, ssse3, sse4.1, sse4.2, popcnt, lzcnt, tsc, tscinvbit, avx, avx2, aes, erms, clmul, bmi1, bmi2, adx, fma, vzeroupper, clflush, clflushopt, hv

Memory: 4k page, system-wide physical 16162M (3243M free)
TotalPageFile size 21670M (AvailPageFile size 87M)
current process WorkingSet (physical memory assigned to process): 79M, peak: 79M
current process commit charge ("private bytes"): 354M, peak: 354M

vm_info: Java HotSpot(TM) 64-Bit Server VM (17.0.12+8-LTS-286) for windows-amd64 JRE (17.0.12+8-LTS-286), built on Jun  5 2024 06:46:59 by "mach5one" with MS VC++ 17.6 (VS2022)

END.
