#
# There is insufficient memory for the Java Runtime Environment to continue.
# Native memory allocation (malloc) failed to allocate 398256 bytes for Chunk::new
# Possible reasons:
#   The system is out of physical RAM or swap space
#   The process is running with CompressedOops enabled, and the Java Heap may be blocking the growth of the native heap
# Possible solutions:
#   Reduce memory load on the system
#   Increase physical memory or swap space
#   Check if swap backing store is full
#   Decrease Java heap size (-Xmx/-Xms)
#   Decrease number of Java threads
#   Decrease Java thread stack sizes (-Xss)
#   Set larger code cache with -XX:ReservedCodeCacheSize=
#   JVM is running with Zero Based Compressed Oops mode in which the Java heap is
#     placed in the first 32GB address space. The Java Heap base address is the
#     maximum limit for the native heap growth. Please use -XX:HeapBaseMinAddress
#     to set the Java Heap base and to place the Java Heap above 32GB virtual address.
# This output file may be truncated or incomplete.
#
#  Out of Memory Error (arena.cpp:189), pid=28132, tid=20612
#
# JRE version: Java(TM) SE Runtime Environment (17.0.12+8) (build 17.0.12+8-LTS-286)
# Java VM: Java HotSpot(TM) 64-Bit Server VM (17.0.12+8-LTS-286, mixed mode, sharing, tiered, compressed oops, compressed class ptrs, g1 gc, windows-amd64)
# No core dump will be written. Minidumps are not enabled by default on client versions of Windows
#

---------------  S U M M A R Y ------------

Command Line: --enable-native-access=ALL-UNNAMED -Dclassworlds.conf=C:\Users\user\OneDrive\Bureau\pi2026\MatchMakers\.m2\wrapper\dists\apache-maven-3.9.12\59fe215c0ad6947fea90184bf7add084544567b927287592651fda3782e0e798\bin\m2.conf -Dmaven.home=C:\Users\user\OneDrive\Bureau\pi2026\MatchMakers\.m2\wrapper\dists\apache-maven-3.9.12\59fe215c0ad6947fea90184bf7add084544567b927287592651fda3782e0e798 -Dlibrary.jansi.path=C:\Users\user\OneDrive\Bureau\pi2026\MatchMakers\.m2\wrapper\dists\apache-maven-3.9.12\59fe215c0ad6947fea90184bf7add084544567b927287592651fda3782e0e798\lib\jansi-native -Dmaven.multiModuleProjectDirectory=C:\Users\user\OneDrive\Bureau\pi2026\MatchMakers\Backend\SportService org.codehaus.plexus.classworlds.launcher.Launcher -f pom.xml spring-boot:run

Host: Intel(R) Core(TM) i7-8665U CPU @ 1.90GHz, 8 cores, 15G,  Windows 11 , 64 bit Build 26100 (10.0.26100.8246)
Time: Sat Apr 25 00:45:39 2026 Afr. centrale Ouest elapsed time: 20.119852 seconds (0d 0h 0m 20s)

---------------  T H R E A D  ---------------

Current thread (0x000001a832882470):  JavaThread "C2 CompilerThread0" daemon [_thread_in_native, id=20612, stack(0x0000009d88a00000,0x0000009d88b00000)]


Current CompileTask:
C2:  20120  655       4       java.util.jar.JarFile::getEntry (35 bytes)

Stack: [0x0000009d88a00000,0x0000009d88b00000]
Native frames: (J=compiled Java code, j=interpreted, Vv=VM code, C=native code)
V  [jvm.dll+0x67a04a]
V  [jvm.dll+0x7da4ed]
V  [jvm.dll+0x7dbe33]
V  [jvm.dll+0x7dc4a3]
V  [jvm.dll+0x24508f]
V  [jvm.dll+0xab773]
V  [jvm.dll+0xabd3c]
V  [jvm.dll+0x361b9f]
V  [jvm.dll+0x32c431]
V  [jvm.dll+0x32b8ca]
V  [jvm.dll+0x21683f]
V  [jvm.dll+0x215c6f]
V  [jvm.dll+0x1a2960]
V  [jvm.dll+0x22610b]
V  [jvm.dll+0x2242ab]
V  [jvm.dll+0x79075c]
V  [jvm.dll+0x78abea]
V  [jvm.dll+0x678f35]
C  [ucrtbase.dll+0x37b0]
C  [KERNEL32.DLL+0x2e8d7]
C  [ntdll.dll+0x8c3fc]


---------------  P R O C E S S  ---------------

Threads class SMR info:
_java_thread_list=0x000001a8785c8c20, length=14, elements={
0x000001a80faa3310, 0x000001a8327248f0, 0x000001a8327273c0, 0x000001a83273c990,
0x000001a83273d260, 0x000001a83273dc20, 0x000001a83273e5e0, 0x000001a832882470,
0x000001a832883e40, 0x000001a832884750, 0x000001a8329ca5c0, 0x000001a8329d3090,
0x000001a832bd2ae0, 0x000001a83290d420
}

Java Threads: ( => current thread )
  0x000001a80faa3310 JavaThread "main" [_thread_in_vm, id=15412, stack(0x0000009d87d00000,0x0000009d87e00000)]
  0x000001a8327248f0 JavaThread "Reference Handler" daemon [_thread_blocked, id=16604, stack(0x0000009d88400000,0x0000009d88500000)]
  0x000001a8327273c0 JavaThread "Finalizer" daemon [_thread_blocked, id=20356, stack(0x0000009d88500000,0x0000009d88600000)]
  0x000001a83273c990 JavaThread "Signal Dispatcher" daemon [_thread_blocked, id=28844, stack(0x0000009d88600000,0x0000009d88700000)]
  0x000001a83273d260 JavaThread "Attach Listener" daemon [_thread_blocked, id=13144, stack(0x0000009d88700000,0x0000009d88800000)]
  0x000001a83273dc20 JavaThread "Service Thread" daemon [_thread_blocked, id=16464, stack(0x0000009d88800000,0x0000009d88900000)]
  0x000001a83273e5e0 JavaThread "Monitor Deflation Thread" daemon [_thread_blocked, id=18888, stack(0x0000009d88900000,0x0000009d88a00000)]
=>0x000001a832882470 JavaThread "C2 CompilerThread0" daemon [_thread_in_native, id=20612, stack(0x0000009d88a00000,0x0000009d88b00000)]
  0x000001a832883e40 JavaThread "C1 CompilerThread0" daemon [_thread_in_native, id=19280, stack(0x0000009d88b00000,0x0000009d88c00000)]
  0x000001a832884750 JavaThread "Sweeper thread" daemon [_thread_blocked, id=16632, stack(0x0000009d88c00000,0x0000009d88d00000)]
  0x000001a8329ca5c0 JavaThread "Notification Thread" daemon [_thread_blocked, id=5212, stack(0x0000009d88d00000,0x0000009d88e00000)]
  0x000001a8329d3090 JavaThread "Common-Cleaner" daemon [_thread_blocked, id=5668, stack(0x0000009d88f00000,0x0000009d89000000)]
  0x000001a832bd2ae0 JavaThread "cleanup" daemon [_thread_blocked, id=26928, stack(0x0000009d89000000,0x0000009d89100000)]
  0x000001a83290d420 JavaThread "C2 CompilerThread1" daemon [_thread_in_native, id=30420, stack(0x0000009d89100000,0x0000009d89200000)]

Other Threads:
  0x000001a8327207a0 VMThread "VM Thread" [stack: 0x0000009d88300000,0x0000009d88400000] [id=26208] _threads_hazard_ptr=0x000001a8785c8c20
  0x000001a80fb2cf40 WatcherThread [stack: 0x0000009d88e00000,0x0000009d88f00000] [id=7996]
  0x000001a80fb102c0 GCTaskThread "GC Thread#0" [stack: 0x0000009d87e00000,0x0000009d87f00000] [id=19364]
  0x000001a80fb20ea0 ConcurrentGCThread "G1 Main Marker" [stack: 0x0000009d87f00000,0x0000009d88000000] [id=23328]
  0x000001a80fb218b0 ConcurrentGCThread "G1 Conc#0" [stack: 0x0000009d88000000,0x0000009d88100000] [id=2384]
  0x000001a80fb6eba0 ConcurrentGCThread "G1 Refine#0" [stack: 0x0000009d88100000,0x0000009d88200000] [id=24776]
  0x000001a8325c9760 ConcurrentGCThread "G1 Service" [stack: 0x0000009d88200000,0x0000009d88300000] [id=19184]

Threads with active compile tasks:
C2 CompilerThread0    20158  655       4       java.util.jar.JarFile::getEntry (35 bytes)
C1 CompilerThread0    20159  758       3       java.lang.ClassLoader::definePackage (85 bytes)
C2 CompilerThread1    20159  656   !   4       jdk.internal.loader.URLClassPath$JarLoader::getResource (65 bytes)

VM state: synchronizing (normal execution)

VM Mutex/Monitor currently owned by a thread:  ([mutex/lock_event])
[0x000001a80fa9fbb0] Metaspace_lock - owner thread: 0x000001a80faa3310
[0x000001a80faa0930] Threads_lock - owner thread: 0x000001a8327207a0

Heap address: 0x0000000703600000, size: 4042 MB, Compressed Oops mode: Zero based, Oop shift amount: 3

CDS archive(s) mapped at: [0x000001a833000000-0x000001a833bd0000-0x000001a833bd0000), size 12386304, SharedBaseAddress: 0x000001a833000000, ArchiveRelocationMode: 1.
Compressed class space mapped at: 0x000001a834000000-0x000001a874000000, reserved size: 1073741824
Narrow klass base: 0x000001a833000000, Narrow klass shift: 0, Narrow klass range: 0x100000000

GC Precious Log:
 CPUs: 8 total, 8 available
 Memory: 16162M
 Large Page Support: Disabled
 NUMA Support: Disabled
 Compressed Oops: Enabled (Zero based)
 Heap Region Size: 2M
 Heap Min Capacity: 8M
 Heap Initial Capacity: 254M
 Heap Max Capacity: 4042M
 Pre-touch: Disabled
 Parallel Workers: 8
 Concurrent Workers: 2
 Concurrent Refinement Workers: 8
 Periodic GC: Disabled

Heap:
 garbage-first heap   total 260096K, used 12288K [0x0000000703600000, 0x0000000800000000)
  region size 2048K, 7 young (14336K), 0 survivors (0K)
 Metaspace       used 3221K, committed 3328K, reserved 1114112K
  class space    used 342K, committed 384K, reserved 1048576K

Heap Regions: E=young(eden), S=young(survivor), O=old, HS=humongous(starts), HC=humongous(continues), CS=collection set, F=free, OA=open archive, CA=closed archive, TAMS=top-at-mark-start (previous, next)
|   0|0x0000000703600000, 0x0000000703600000, 0x0000000703800000|  0%| F|  |TAMS 0x0000000703600000, 0x0000000703600000| Untracked 
|   1|0x0000000703800000, 0x0000000703800000, 0x0000000703a00000|  0%| F|  |TAMS 0x0000000703800000, 0x0000000703800000| Untracked 
|   2|0x0000000703a00000, 0x0000000703a00000, 0x0000000703c00000|  0%| F|  |TAMS 0x0000000703a00000, 0x0000000703a00000| Untracked 
|   3|0x0000000703c00000, 0x0000000703c00000, 0x0000000703e00000|  0%| F|  |TAMS 0x0000000703c00000, 0x0000000703c00000| Untracked 
|   4|0x0000000703e00000, 0x0000000703e00000, 0x0000000704000000|  0%| F|  |TAMS 0x0000000703e00000, 0x0000000703e00000| Untracked 
|   5|0x0000000704000000, 0x0000000704000000, 0x0000000704200000|  0%| F|  |TAMS 0x0000000704000000, 0x0000000704000000| Untracked 
|   6|0x0000000704200000, 0x0000000704200000, 0x0000000704400000|  0%| F|  |TAMS 0x0000000704200000, 0x0000000704200000| Untracked 
|   7|0x0000000704400000, 0x0000000704400000, 0x0000000704600000|  0%| F|  |TAMS 0x0000000704400000, 0x0000000704400000| Untracked 
|   8|0x0000000704600000, 0x0000000704600000, 0x0000000704800000|  0%| F|  |TAMS 0x0000000704600000, 0x0000000704600000| Untracked 
|   9|0x0000000704800000, 0x0000000704800000, 0x0000000704a00000|  0%| F|  |TAMS 0x0000000704800000, 0x0000000704800000| Untracked 
|  10|0x0000000704a00000, 0x0000000704a00000, 0x0000000704c00000|  0%| F|  |TAMS 0x0000000704a00000, 0x0000000704a00000| Untracked 
|  11|0x0000000704c00000, 0x0000000704c00000, 0x0000000704e00000|  0%| F|  |TAMS 0x0000000704c00000, 0x0000000704c00000| Untracked 
|  12|0x0000000704e00000, 0x0000000704e00000, 0x0000000705000000|  0%| F|  |TAMS 0x0000000704e00000, 0x0000000704e00000| Untracked 
|  13|0x0000000705000000, 0x0000000705000000, 0x0000000705200000|  0%| F|  |TAMS 0x0000000705000000, 0x0000000705000000| Untracked 
|  14|0x0000000705200000, 0x0000000705200000, 0x0000000705400000|  0%| F|  |TAMS 0x0000000705200000, 0x0000000705200000| Untracked 
|  15|0x0000000705400000, 0x0000000705400000, 0x0000000705600000|  0%| F|  |TAMS 0x0000000705400000, 0x0000000705400000| Untracked 
|  16|0x0000000705600000, 0x0000000705600000, 0x0000000705800000|  0%| F|  |TAMS 0x0000000705600000, 0x0000000705600000| Untracked 
|  17|0x0000000705800000, 0x0000000705800000, 0x0000000705a00000|  0%| F|  |TAMS 0x0000000705800000, 0x0000000705800000| Untracked 
|  18|0x0000000705a00000, 0x0000000705a00000, 0x0000000705c00000|  0%| F|  |TAMS 0x0000000705a00000, 0x0000000705a00000| Untracked 
|  19|0x0000000705c00000, 0x0000000705c00000, 0x0000000705e00000|  0%| F|  |TAMS 0x0000000705c00000, 0x0000000705c00000| Untracked 
|  20|0x0000000705e00000, 0x0000000705e00000, 0x0000000706000000|  0%| F|  |TAMS 0x0000000705e00000, 0x0000000705e00000| Untracked 
|  21|0x0000000706000000, 0x0000000706000000, 0x0000000706200000|  0%| F|  |TAMS 0x0000000706000000, 0x0000000706000000| Untracked 
|  22|0x0000000706200000, 0x0000000706200000, 0x0000000706400000|  0%| F|  |TAMS 0x0000000706200000, 0x0000000706200000| Untracked 
|  23|0x0000000706400000, 0x0000000706400000, 0x0000000706600000|  0%| F|  |TAMS 0x0000000706400000, 0x0000000706400000| Untracked 
|  24|0x0000000706600000, 0x0000000706600000, 0x0000000706800000|  0%| F|  |TAMS 0x0000000706600000, 0x0000000706600000| Untracked 
|  25|0x0000000706800000, 0x0000000706800000, 0x0000000706a00000|  0%| F|  |TAMS 0x0000000706800000, 0x0000000706800000| Untracked 
|  26|0x0000000706a00000, 0x0000000706a00000, 0x0000000706c00000|  0%| F|  |TAMS 0x0000000706a00000, 0x0000000706a00000| Untracked 
|  27|0x0000000706c00000, 0x0000000706c00000, 0x0000000706e00000|  0%| F|  |TAMS 0x0000000706c00000, 0x0000000706c00000| Untracked 
|  28|0x0000000706e00000, 0x0000000706e00000, 0x0000000707000000|  0%| F|  |TAMS 0x0000000706e00000, 0x0000000706e00000| Untracked 
|  29|0x0000000707000000, 0x0000000707000000, 0x0000000707200000|  0%| F|  |TAMS 0x0000000707000000, 0x0000000707000000| Untracked 
|  30|0x0000000707200000, 0x0000000707200000, 0x0000000707400000|  0%| F|  |TAMS 0x0000000707200000, 0x0000000707200000| Untracked 
|  31|0x0000000707400000, 0x0000000707400000, 0x0000000707600000|  0%| F|  |TAMS 0x0000000707400000, 0x0000000707400000| Untracked 
|  32|0x0000000707600000, 0x0000000707600000, 0x0000000707800000|  0%| F|  |TAMS 0x0000000707600000, 0x0000000707600000| Untracked 
|  33|0x0000000707800000, 0x0000000707800000, 0x0000000707a00000|  0%| F|  |TAMS 0x0000000707800000, 0x0000000707800000| Untracked 
|  34|0x0000000707a00000, 0x0000000707a00000, 0x0000000707c00000|  0%| F|  |TAMS 0x0000000707a00000, 0x0000000707a00000| Untracked 
|  35|0x0000000707c00000, 0x0000000707c00000, 0x0000000707e00000|  0%| F|  |TAMS 0x0000000707c00000, 0x0000000707c00000| Untracked 
|  36|0x0000000707e00000, 0x0000000707e00000, 0x0000000708000000|  0%| F|  |TAMS 0x0000000707e00000, 0x0000000707e00000| Untracked 
|  37|0x0000000708000000, 0x0000000708000000, 0x0000000708200000|  0%| F|  |TAMS 0x0000000708000000, 0x0000000708000000| Untracked 
|  38|0x0000000708200000, 0x0000000708200000, 0x0000000708400000|  0%| F|  |TAMS 0x0000000708200000, 0x0000000708200000| Untracked 
|  39|0x0000000708400000, 0x0000000708400000, 0x0000000708600000|  0%| F|  |TAMS 0x0000000708400000, 0x0000000708400000| Untracked 
|  40|0x0000000708600000, 0x0000000708600000, 0x0000000708800000|  0%| F|  |TAMS 0x0000000708600000, 0x0000000708600000| Untracked 
|  41|0x0000000708800000, 0x0000000708800000, 0x0000000708a00000|  0%| F|  |TAMS 0x0000000708800000, 0x0000000708800000| Untracked 
|  42|0x0000000708a00000, 0x0000000708a00000, 0x0000000708c00000|  0%| F|  |TAMS 0x0000000708a00000, 0x0000000708a00000| Untracked 
|  43|0x0000000708c00000, 0x0000000708c00000, 0x0000000708e00000|  0%| F|  |TAMS 0x0000000708c00000, 0x0000000708c00000| Untracked 
|  44|0x0000000708e00000, 0x0000000708e00000, 0x0000000709000000|  0%| F|  |TAMS 0x0000000708e00000, 0x0000000708e00000| Untracked 
|  45|0x0000000709000000, 0x0000000709000000, 0x0000000709200000|  0%| F|  |TAMS 0x0000000709000000, 0x0000000709000000| Untracked 
|  46|0x0000000709200000, 0x0000000709200000, 0x0000000709400000|  0%| F|  |TAMS 0x0000000709200000, 0x0000000709200000| Untracked 
|  47|0x0000000709400000, 0x0000000709400000, 0x0000000709600000|  0%| F|  |TAMS 0x0000000709400000, 0x0000000709400000| Untracked 
|  48|0x0000000709600000, 0x0000000709600000, 0x0000000709800000|  0%| F|  |TAMS 0x0000000709600000, 0x0000000709600000| Untracked 
|  49|0x0000000709800000, 0x0000000709800000, 0x0000000709a00000|  0%| F|  |TAMS 0x0000000709800000, 0x0000000709800000| Untracked 
|  50|0x0000000709a00000, 0x0000000709a00000, 0x0000000709c00000|  0%| F|  |TAMS 0x0000000709a00000, 0x0000000709a00000| Untracked 
|  51|0x0000000709c00000, 0x0000000709c00000, 0x0000000709e00000|  0%| F|  |TAMS 0x0000000709c00000, 0x0000000709c00000| Untracked 
|  52|0x0000000709e00000, 0x0000000709e00000, 0x000000070a000000|  0%| F|  |TAMS 0x0000000709e00000, 0x0000000709e00000| Untracked 
|  53|0x000000070a000000, 0x000000070a000000, 0x000000070a200000|  0%| F|  |TAMS 0x000000070a000000, 0x000000070a000000| Untracked 
|  54|0x000000070a200000, 0x000000070a200000, 0x000000070a400000|  0%| F|  |TAMS 0x000000070a200000, 0x000000070a200000| Untracked 
|  55|0x000000070a400000, 0x000000070a400000, 0x000000070a600000|  0%| F|  |TAMS 0x000000070a400000, 0x000000070a400000| Untracked 
|  56|0x000000070a600000, 0x000000070a600000, 0x000000070a800000|  0%| F|  |TAMS 0x000000070a600000, 0x000000070a600000| Untracked 
|  57|0x000000070a800000, 0x000000070a800000, 0x000000070aa00000|  0%| F|  |TAMS 0x000000070a800000, 0x000000070a800000| Untracked 
|  58|0x000000070aa00000, 0x000000070aa00000, 0x000000070ac00000|  0%| F|  |TAMS 0x000000070aa00000, 0x000000070aa00000| Untracked 
|  59|0x000000070ac00000, 0x000000070ac00000, 0x000000070ae00000|  0%| F|  |TAMS 0x000000070ac00000, 0x000000070ac00000| Untracked 
|  60|0x000000070ae00000, 0x000000070ae00000, 0x000000070b000000|  0%| F|  |TAMS 0x000000070ae00000, 0x000000070ae00000| Untracked 
|  61|0x000000070b000000, 0x000000070b000000, 0x000000070b200000|  0%| F|  |TAMS 0x000000070b000000, 0x000000070b000000| Untracked 
|  62|0x000000070b200000, 0x000000070b200000, 0x000000070b400000|  0%| F|  |TAMS 0x000000070b200000, 0x000000070b200000| Untracked 
|  63|0x000000070b400000, 0x000000070b400000, 0x000000070b600000|  0%| F|  |TAMS 0x000000070b400000, 0x000000070b400000| Untracked 
|  64|0x000000070b600000, 0x000000070b600000, 0x000000070b800000|  0%| F|  |TAMS 0x000000070b600000, 0x000000070b600000| Untracked 
|  65|0x000000070b800000, 0x000000070b800000, 0x000000070ba00000|  0%| F|  |TAMS 0x000000070b800000, 0x000000070b800000| Untracked 
|  66|0x000000070ba00000, 0x000000070ba00000, 0x000000070bc00000|  0%| F|  |TAMS 0x000000070ba00000, 0x000000070ba00000| Untracked 
|  67|0x000000070bc00000, 0x000000070bc00000, 0x000000070be00000|  0%| F|  |TAMS 0x000000070bc00000, 0x000000070bc00000| Untracked 
|  68|0x000000070be00000, 0x000000070be00000, 0x000000070c000000|  0%| F|  |TAMS 0x000000070be00000, 0x000000070be00000| Untracked 
|  69|0x000000070c000000, 0x000000070c000000, 0x000000070c200000|  0%| F|  |TAMS 0x000000070c000000, 0x000000070c000000| Untracked 
|  70|0x000000070c200000, 0x000000070c200000, 0x000000070c400000|  0%| F|  |TAMS 0x000000070c200000, 0x000000070c200000| Untracked 
|  71|0x000000070c400000, 0x000000070c400000, 0x000000070c600000|  0%| F|  |TAMS 0x000000070c400000, 0x000000070c400000| Untracked 
|  72|0x000000070c600000, 0x000000070c600000, 0x000000070c800000|  0%| F|  |TAMS 0x000000070c600000, 0x000000070c600000| Untracked 
|  73|0x000000070c800000, 0x000000070c800000, 0x000000070ca00000|  0%| F|  |TAMS 0x000000070c800000, 0x000000070c800000| Untracked 
|  74|0x000000070ca00000, 0x000000070ca00000, 0x000000070cc00000|  0%| F|  |TAMS 0x000000070ca00000, 0x000000070ca00000| Untracked 
|  75|0x000000070cc00000, 0x000000070cc00000, 0x000000070ce00000|  0%| F|  |TAMS 0x000000070cc00000, 0x000000070cc00000| Untracked 
|  76|0x000000070ce00000, 0x000000070ce00000, 0x000000070d000000|  0%| F|  |TAMS 0x000000070ce00000, 0x000000070ce00000| Untracked 
|  77|0x000000070d000000, 0x000000070d000000, 0x000000070d200000|  0%| F|  |TAMS 0x000000070d000000, 0x000000070d000000| Untracked 
|  78|0x000000070d200000, 0x000000070d200000, 0x000000070d400000|  0%| F|  |TAMS 0x000000070d200000, 0x000000070d200000| Untracked 
|  79|0x000000070d400000, 0x000000070d400000, 0x000000070d600000|  0%| F|  |TAMS 0x000000070d400000, 0x000000070d400000| Untracked 
|  80|0x000000070d600000, 0x000000070d600000, 0x000000070d800000|  0%| F|  |TAMS 0x000000070d600000, 0x000000070d600000| Untracked 
|  81|0x000000070d800000, 0x000000070d800000, 0x000000070da00000|  0%| F|  |TAMS 0x000000070d800000, 0x000000070d800000| Untracked 
|  82|0x000000070da00000, 0x000000070da00000, 0x000000070dc00000|  0%| F|  |TAMS 0x000000070da00000, 0x000000070da00000| Untracked 
|  83|0x000000070dc00000, 0x000000070dc00000, 0x000000070de00000|  0%| F|  |TAMS 0x000000070dc00000, 0x000000070dc00000| Untracked 
|  84|0x000000070de00000, 0x000000070de00000, 0x000000070e000000|  0%| F|  |TAMS 0x000000070de00000, 0x000000070de00000| Untracked 
|  85|0x000000070e000000, 0x000000070e000000, 0x000000070e200000|  0%| F|  |TAMS 0x000000070e000000, 0x000000070e000000| Untracked 
|  86|0x000000070e200000, 0x000000070e200000, 0x000000070e400000|  0%| F|  |TAMS 0x000000070e200000, 0x000000070e200000| Untracked 
|  87|0x000000070e400000, 0x000000070e400000, 0x000000070e600000|  0%| F|  |TAMS 0x000000070e400000, 0x000000070e400000| Untracked 
|  88|0x000000070e600000, 0x000000070e600000, 0x000000070e800000|  0%| F|  |TAMS 0x000000070e600000, 0x000000070e600000| Untracked 
|  89|0x000000070e800000, 0x000000070e800000, 0x000000070ea00000|  0%| F|  |TAMS 0x000000070e800000, 0x000000070e800000| Untracked 
|  90|0x000000070ea00000, 0x000000070ea00000, 0x000000070ec00000|  0%| F|  |TAMS 0x000000070ea00000, 0x000000070ea00000| Untracked 
|  91|0x000000070ec00000, 0x000000070ec00000, 0x000000070ee00000|  0%| F|  |TAMS 0x000000070ec00000, 0x000000070ec00000| Untracked 
|  92|0x000000070ee00000, 0x000000070ee00000, 0x000000070f000000|  0%| F|  |TAMS 0x000000070ee00000, 0x000000070ee00000| Untracked 
|  93|0x000000070f000000, 0x000000070f000000, 0x000000070f200000|  0%| F|  |TAMS 0x000000070f000000, 0x000000070f000000| Untracked 
|  94|0x000000070f200000, 0x000000070f200000, 0x000000070f400000|  0%| F|  |TAMS 0x000000070f200000, 0x000000070f200000| Untracked 
|  95|0x000000070f400000, 0x000000070f400000, 0x000000070f600000|  0%| F|  |TAMS 0x000000070f400000, 0x000000070f400000| Untracked 
|  96|0x000000070f600000, 0x000000070f600000, 0x000000070f800000|  0%| F|  |TAMS 0x000000070f600000, 0x000000070f600000| Untracked 
|  97|0x000000070f800000, 0x000000070f800000, 0x000000070fa00000|  0%| F|  |TAMS 0x000000070f800000, 0x000000070f800000| Untracked 
|  98|0x000000070fa00000, 0x000000070fa00000, 0x000000070fc00000|  0%| F|  |TAMS 0x000000070fa00000, 0x000000070fa00000| Untracked 
|  99|0x000000070fc00000, 0x000000070fc00000, 0x000000070fe00000|  0%| F|  |TAMS 0x000000070fc00000, 0x000000070fc00000| Untracked 
| 100|0x000000070fe00000, 0x000000070fe00000, 0x0000000710000000|  0%| F|  |TAMS 0x000000070fe00000, 0x000000070fe00000| Untracked 
| 101|0x0000000710000000, 0x0000000710000000, 0x0000000710200000|  0%| F|  |TAMS 0x0000000710000000, 0x0000000710000000| Untracked 
| 102|0x0000000710200000, 0x0000000710200000, 0x0000000710400000|  0%| F|  |TAMS 0x0000000710200000, 0x0000000710200000| Untracked 
| 103|0x0000000710400000, 0x0000000710400000, 0x0000000710600000|  0%| F|  |TAMS 0x0000000710400000, 0x0000000710400000| Untracked 
| 104|0x0000000710600000, 0x0000000710600000, 0x0000000710800000|  0%| F|  |TAMS 0x0000000710600000, 0x0000000710600000| Untracked 
| 105|0x0000000710800000, 0x0000000710800000, 0x0000000710a00000|  0%| F|  |TAMS 0x0000000710800000, 0x0000000710800000| Untracked 
| 106|0x0000000710a00000, 0x0000000710a00000, 0x0000000710c00000|  0%| F|  |TAMS 0x0000000710a00000, 0x0000000710a00000| Untracked 
| 107|0x0000000710c00000, 0x0000000710c00000, 0x0000000710e00000|  0%| F|  |TAMS 0x0000000710c00000, 0x0000000710c00000| Untracked 
| 108|0x0000000710e00000, 0x0000000710e00000, 0x0000000711000000|  0%| F|  |TAMS 0x0000000710e00000, 0x0000000710e00000| Untracked 
| 109|0x0000000711000000, 0x0000000711000000, 0x0000000711200000|  0%| F|  |TAMS 0x0000000711000000, 0x0000000711000000| Untracked 
| 110|0x0000000711200000, 0x0000000711200000, 0x0000000711400000|  0%| F|  |TAMS 0x0000000711200000, 0x0000000711200000| Untracked 
| 111|0x0000000711400000, 0x0000000711400000, 0x0000000711600000|  0%| F|  |TAMS 0x0000000711400000, 0x0000000711400000| Untracked 
| 112|0x0000000711600000, 0x0000000711600000, 0x0000000711800000|  0%| F|  |TAMS 0x0000000711600000, 0x0000000711600000| Untracked 
| 113|0x0000000711800000, 0x0000000711800000, 0x0000000711a00000|  0%| F|  |TAMS 0x0000000711800000, 0x0000000711800000| Untracked 
| 114|0x0000000711a00000, 0x0000000711a00000, 0x0000000711c00000|  0%| F|  |TAMS 0x0000000711a00000, 0x0000000711a00000| Untracked 
| 115|0x0000000711c00000, 0x0000000711c00000, 0x0000000711e00000|  0%| F|  |TAMS 0x0000000711c00000, 0x0000000711c00000| Untracked 
| 116|0x0000000711e00000, 0x0000000711e00000, 0x0000000712000000|  0%| F|  |TAMS 0x0000000711e00000, 0x0000000711e00000| Untracked 
| 117|0x0000000712000000, 0x0000000712000000, 0x0000000712200000|  0%| F|  |TAMS 0x0000000712000000, 0x0000000712000000| Untracked 
| 118|0x0000000712200000, 0x0000000712200000, 0x0000000712400000|  0%| F|  |TAMS 0x0000000712200000, 0x0000000712200000| Untracked 
| 119|0x0000000712400000, 0x0000000712400000, 0x0000000712600000|  0%| F|  |TAMS 0x0000000712400000, 0x0000000712400000| Untracked 
| 120|0x0000000712600000, 0x00000007127c6590, 0x0000000712800000| 88%| E|  |TAMS 0x0000000712600000, 0x0000000712600000| Complete 
| 121|0x0000000712800000, 0x0000000712a00000, 0x0000000712a00000|100%| E|CS|TAMS 0x0000000712800000, 0x0000000712800000| Complete 
| 122|0x0000000712a00000, 0x0000000712c00000, 0x0000000712c00000|100%| E|CS|TAMS 0x0000000712a00000, 0x0000000712a00000| Complete 
| 123|0x0000000712c00000, 0x0000000712e00000, 0x0000000712e00000|100%| E|CS|TAMS 0x0000000712c00000, 0x0000000712c00000| Complete 
| 124|0x0000000712e00000, 0x0000000713000000, 0x0000000713000000|100%| E|CS|TAMS 0x0000000712e00000, 0x0000000712e00000| Complete 
| 125|0x0000000713000000, 0x0000000713200000, 0x0000000713200000|100%| E|CS|TAMS 0x0000000713000000, 0x0000000713000000| Complete 
| 126|0x0000000713200000, 0x0000000713400000, 0x0000000713400000|100%| E|CS|TAMS 0x0000000713200000, 0x0000000713200000| Complete 

Card table byte_map: [0x000001a826e80000,0x000001a827670000] _byte_map_base: 0x000001a823665000

Marking Bits (Prev, Next): (CMBitMap*) 0x000001a80fb108e0, (CMBitMap*) 0x000001a80fb10920
 Prev Bits: [0x000001a827e60000, 0x000001a82bd88000)
 Next Bits: [0x000001a82bd90000, 0x000001a82fcb8000)

Polling page: 0x000001a80dbf0000

Metaspace:

Usage:
  Non-class:      2.81 MB used.
      Class:    342.14 KB used.
       Both:      3.15 MB used.

Virtual space:
  Non-class space:       64.00 MB reserved,       2.88 MB (  4%) committed,  1 nodes.
      Class space:        1.00 GB reserved,     384.00 KB ( <1%) committed,  1 nodes.
             Both:        1.06 GB reserved,       3.25 MB ( <1%) committed. 

Chunk freelists:
   Non-Class:  10.48 MB
       Class:  15.52 MB
        Both:  26.00 MB

MaxMetaspaceSize: unlimited
CompressedClassSpaceSize: 1.00 GB
Initial GC threshold: 21.00 MB
Current GC threshold: 21.00 MB
CDS: on
MetaspaceReclaimPolicy: balanced
 - commit_granule_bytes: 65536.
 - commit_granule_words: 8192.
 - virtual_space_node_default_size: 8388608.
 - enlarge_chunks_in_place: 1.
 - new_chunks_are_fully_committed: 0.
 - uncommit_free_chunks: 1.
 - use_allocation_guard: 0.
 - handle_deallocations: 1.


Internal statistics:

num_allocs_failed_limit: 0.
num_arena_births: 28.
num_arena_deaths: 0.
num_vsnodes_births: 2.
num_vsnodes_deaths: 0.
num_space_committed: 52.
num_space_uncommitted: 0.
num_chunks_returned_to_freelist: 0.
num_chunks_taken_from_freelist: 125.
num_chunk_merges: 0.
num_chunk_splits: 75.
num_chunks_enlarged: 57.
num_inconsistent_stats: 0.

CodeHeap 'non-profiled nmethods': size=120000Kb used=241Kb max_used=241Kb free=119758Kb
 bounds [0x000001a81ee30000, 0x000001a81f0a0000, 0x000001a826360000]
CodeHeap 'profiled nmethods': size=120000Kb used=1505Kb max_used=1505Kb free=118494Kb
 bounds [0x000001a817360000, 0x000001a8175d0000, 0x000001a81e890000]
CodeHeap 'non-nmethods': size=5760Kb used=1130Kb max_used=1154Kb free=4629Kb
 bounds [0x000001a81e890000, 0x000001a81eb00000, 0x000001a81ee30000]
 total_blobs=1169 nmethods=753 adapters=329
 compilation: enabled
              stopped_count=0, restarted_count=0
 full_count=0

Compilation events (20 events):
Event: 11.417 Thread 0x000001a832883e40  649       3       java.lang.StringUTF16::getChar (60 bytes)
Event: 11.417 Thread 0x000001a832883e40 nmethod 649 0x000001a817493790 code [0x000001a817493920, 0x000001a817493a98]
Event: 11.418 Thread 0x000001a832882470  650       4       java.lang.StringUTF16::getChar (60 bytes)
Event: 11.419 Thread 0x000001a832882470 nmethod 650 0x000001a81ee65810 code [0x000001a81ee65980, 0x000001a81ee65a58]
Event: 11.428 Thread 0x000001a832883e40  651       3       java.nio.Buffer::hasRemaining (17 bytes)
Event: 11.428 Thread 0x000001a832883e40 nmethod 651 0x000001a817493b90 code [0x000001a817493d20, 0x000001a817493e98]
Event: 11.434 Thread 0x000001a832883e40  652   !   3       jdk.internal.ref.PhantomCleanable::remove (60 bytes)
Event: 11.435 Thread 0x000001a832883e40 nmethod 652 0x000001a817493f10 code [0x000001a8174940c0, 0x000001a8174944f8]
Event: 11.435 Thread 0x000001a832883e40  653       3       java.lang.ref.Reference::clear (5 bytes)
Event: 11.435 Thread 0x000001a832883e40 nmethod 653 0x000001a817494690 code [0x000001a817494820, 0x000001a817494968]
Event: 11.436 Thread 0x000001a832882470  655       4       java.util.jar.JarFile::getEntry (35 bytes)
Event: 11.456 Thread 0x000001a832883e40  657   !   3       java.util.zip.ZipFile$ZipFileInflaterInputStream::close (67 bytes)
Event: 11.457 Thread 0x000001a832883e40 nmethod 657 0x000001a817494a10 code [0x000001a817494c40, 0x000001a8174954b8]
Event: 11.481 Thread 0x000001a832883e40  658       3       jdk.internal.ref.CleanerImpl$PhantomCleanableRef::performCleanup (10 bytes)
Event: 11.481 Thread 0x000001a832883e40 nmethod 658 0x000001a817495890 code [0x000001a817495a40, 0x000001a817495c28]
Event: 11.481 Thread 0x000001a832883e40  659       3       java.util.ArrayDeque::add (7 bytes)
Event: 11.481 Thread 0x000001a832883e40 nmethod 659 0x000001a817495d10 code [0x000001a817495ec0, 0x000001a817496008]
Event: 11.482 Thread 0x000001a832883e40  660   !   3       java.util.zip.ZipFile::getInputStream (275 bytes)
Event: 11.484 Thread 0x000001a832883e40 nmethod 660 0x000001a817496090 code [0x000001a817496380, 0x000001a817497508]
Event: 11.484 Thread 0x000001a832883e40  661       3       java.util.zip.ZipFile$ZipFileInputStream::<init> (96 bytes)

GC Heap History (0 events):
No events

Deoptimization events (20 events):
Event: 10.867 Thread 0x000001a80faa3310 DEOPT PACKING pc=0x000001a81738459d sp=0x0000009d87dfd300
Event: 10.868 Thread 0x000001a80faa3310 DEOPT UNPACKING pc=0x000001a81e8e2b43 sp=0x0000009d87dfc7b0 mode 0
Event: 10.933 Thread 0x000001a80faa3310 DEOPT PACKING pc=0x000001a81737d93e sp=0x0000009d87dfdec0
Event: 10.933 Thread 0x000001a80faa3310 DEOPT UNPACKING pc=0x000001a81e8e2b43 sp=0x0000009d87dfd360 mode 0
Event: 10.982 Thread 0x000001a80faa3310 DEOPT PACKING pc=0x000001a817397fa4 sp=0x0000009d87dfa000
Event: 10.982 Thread 0x000001a80faa3310 DEOPT UNPACKING pc=0x000001a81e8e2b43 sp=0x0000009d87df94c0 mode 0
Event: 11.263 Thread 0x000001a80faa3310 DEOPT PACKING pc=0x000001a81739fe7e sp=0x0000009d87dfcd20
Event: 11.263 Thread 0x000001a80faa3310 DEOPT UNPACKING pc=0x000001a81e8e2b43 sp=0x0000009d87dfc190 mode 0
Event: 11.411 Thread 0x000001a80faa3310 Uncommon trap: trap_request=0xffffff45 fr.pc=0x000001a81ee3d108 relative=0x0000000000000468
Event: 11.411 Thread 0x000001a80faa3310 Uncommon trap: reason=unstable_if action=reinterpret pc=0x000001a81ee3d108 method=java.lang.StringLatin1.canEncode(I)Z @ 4 c2
Event: 11.411 Thread 0x000001a80faa3310 DEOPT PACKING pc=0x000001a81ee3d108 sp=0x0000009d87dfde90
Event: 11.411 Thread 0x000001a80faa3310 DEOPT UNPACKING pc=0x000001a81e8e23a3 sp=0x0000009d87dfddb8 mode 2
Event: 11.411 Thread 0x000001a80faa3310 Uncommon trap: trap_request=0xffffff45 fr.pc=0x000001a81ee3e26c relative=0x000000000000044c
Event: 11.411 Thread 0x000001a80faa3310 Uncommon trap: reason=unstable_if action=reinterpret pc=0x000001a81ee3e26c method=java.lang.AbstractStringBuilder.isLatin1()Z @ 10 c2
Event: 11.411 Thread 0x000001a80faa3310 DEOPT PACKING pc=0x000001a81ee3e26c sp=0x0000009d87dfdea0
Event: 11.411 Thread 0x000001a80faa3310 DEOPT UNPACKING pc=0x000001a81e8e23a3 sp=0x0000009d87dfde20 mode 2
Event: 11.411 Thread 0x000001a80faa3310 Uncommon trap: trap_request=0xffffff45 fr.pc=0x000001a81ee4955c relative=0x000000000000005c
Event: 11.411 Thread 0x000001a80faa3310 Uncommon trap: reason=unstable_if action=reinterpret pc=0x000001a81ee4955c method=java.lang.AbstractStringBuilder.isLatin1()Z @ 10 c2
Event: 11.411 Thread 0x000001a80faa3310 DEOPT PACKING pc=0x000001a81ee4955c sp=0x0000009d87dfde80
Event: 11.411 Thread 0x000001a80faa3310 DEOPT UNPACKING pc=0x000001a81e8e23a3 sp=0x0000009d87dfde10 mode 2

Classes unloaded (0 events):
No events

Classes redefined (0 events):
No events

Internal exceptions (16 events):
Event: 1.002 Thread 0x000001a80faa3310 Exception <a 'java/lang/NoSuchMethodError'{0x000000071300d568}: 'int java.lang.invoke.DirectMethodHandle$Holder.invokeSpecial(java.lang.Object, java.lang.Object, java.lang.Object)'> (0x000000071300d568) 
thrown [s\open\src\hotspot\share\interpreter\linkResolver.cpp, line 759]
Event: 1.192 Thread 0x000001a80faa3310 Exception <a 'java/lang/NoSuchMethodError'{0x0000000712eb70c8}: 'java.lang.Object java.lang.invoke.DirectMethodHandle$Holder.invokeStaticInit(java.lang.Object)'> (0x0000000712eb70c8) 
thrown [s\open\src\hotspot\share\interpreter\linkResolver.cpp, line 759]
Event: 1.204 Thread 0x000001a80faa3310 Exception <a 'java/lang/NullPointerException'{0x0000000712eef3e8}> (0x0000000712eef3e8) 
thrown [s\open\src\hotspot\share\interpreter\linkResolver.cpp, line 1350]
Event: 1.216 Thread 0x000001a80faa3310 Exception <a 'java/lang/NullPointerException'{0x0000000712f12b80}> (0x0000000712f12b80) 
thrown [s\open\src\hotspot\share\interpreter\linkResolver.cpp, line 1350]
Event: 1.216 Thread 0x000001a80faa3310 Exception <a 'java/lang/NullPointerException'{0x0000000712f12e58}> (0x0000000712f12e58) 
thrown [s\open\src\hotspot\share\interpreter\linkResolver.cpp, line 1350]
Event: 1.216 Thread 0x000001a80faa3310 Exception <a 'java/lang/NullPointerException'{0x0000000712f13130}> (0x0000000712f13130) 
thrown [s\open\src\hotspot\share\interpreter\linkResolver.cpp, line 1350]
Event: 1.218 Thread 0x000001a80faa3310 Exception <a 'java/lang/NullPointerException'{0x0000000712f1ab48}> (0x0000000712f1ab48) 
thrown [s\open\src\hotspot\share\interpreter\linkResolver.cpp, line 1350]
Event: 1.221 Thread 0x000001a80faa3310 Exception <a 'java/lang/NullPointerException'{0x0000000712f327d0}> (0x0000000712f327d0) 
thrown [s\open\src\hotspot\share\interpreter\linkResolver.cpp, line 1350]
Event: 1.221 Thread 0x000001a80faa3310 Exception <a 'java/lang/NullPointerException'{0x0000000712f32aa8}> (0x0000000712f32aa8) 
thrown [s\open\src\hotspot\share\interpreter\linkResolver.cpp, line 1350]
Event: 1.221 Thread 0x000001a80faa3310 Exception <a 'java/lang/NullPointerException'{0x0000000712f32d80}> (0x0000000712f32d80) 
thrown [s\open\src\hotspot\share\interpreter\linkResolver.cpp, line 1350]
Event: 1.221 Thread 0x000001a80faa3310 Exception <a 'java/lang/NullPointerException'{0x0000000712f33058}> (0x0000000712f33058) 
thrown [s\open\src\hotspot\share\interpreter\linkResolver.cpp, line 1350]
Event: 1.271 Thread 0x000001a80faa3310 Exception <a 'java/lang/NoSuchMethodError'{0x0000000712fb0398}: 'void java.lang.invoke.DirectMethodHandle$Holder.invokeVirtual(java.lang.Object, java.lang.Object)'> (0x0000000712fb0398) 
thrown [s\open\src\hotspot\share\interpreter\linkResolver.cpp, line 759]
Event: 1.276 Thread 0x000001a80faa3310 Exception <a 'java/lang/NoSuchMethodError'{0x0000000712fce8c8}: 'void java.lang.invoke.DirectMethodHandle$Holder.invokeStatic(java.lang.Object, java.lang.Object)'> (0x0000000712fce8c8) 
thrown [s\open\src\hotspot\share\interpreter\linkResolver.cpp, line 759]
Event: 1.277 Thread 0x000001a80faa3310 Exception <a 'java/lang/NoSuchMethodError'{0x0000000712fd1ec8}: 'void java.lang.invoke.DirectMethodHandle$Holder.invokeStaticInit(java.lang.Object, java.lang.Object)'> (0x0000000712fd1ec8) 
thrown [s\open\src\hotspot\share\interpreter\linkResolver.cpp, line 759]
Event: 1.321 Thread 0x000001a80faa3310 Exception <a 'java/lang/NoSuchMethodError'{0x0000000712c23b60}: 'void java.lang.invoke.DirectMethodHandle$Holder.invokeStatic(java.lang.Object, java.lang.Object, java.lang.Object)'> (0x0000000712c23b60) 
thrown [s\open\src\hotspot\share\interpreter\linkResolver.cpp, line 759]
Event: 10.971 Thread 0x000001a80faa3310 Exception <a 'java/lang/NoSuchMethodError'{0x0000000712a59980}: 'java.lang.Object java.lang.invoke.DirectMethodHandle$Holder.invokeSpecialIFC(java.lang.Object, java.lang.Object, java.lang.Object, java.lang.Object)'> (0x0000000712a59980) 
thrown [s\open\src\hotspot\share\interpreter\linkResolver.cpp, line 759]

VM Operations (10 events):
Event: 0.913 Executing VM operation: HandshakeAllThreads
Event: 0.913 Executing VM operation: HandshakeAllThreads done
Event: 1.202 Executing VM operation: HandshakeAllThreads
Event: 1.202 Executing VM operation: HandshakeAllThreads done
Event: 1.331 Executing VM operation: HandshakeAllThreads
Event: 10.629 Executing VM operation: HandshakeAllThreads done
Event: 10.635 Executing VM operation: Cleanup
Event: 10.636 Executing VM operation: Cleanup done
Event: 11.061 Executing VM operation: HandshakeAllThreads
Event: 11.061 Executing VM operation: HandshakeAllThreads done

Events (20 events):
Event: 11.068 loading class java/util/concurrent/locks/ReentrantReadWriteLock$Sync done
Event: 11.068 loading class java/util/concurrent/locks/ReentrantReadWriteLock$NonfairSync done
Event: 11.068 loading class java/util/concurrent/locks/ReentrantReadWriteLock$Sync$ThreadLocalHoldCounter
Event: 11.068 loading class java/util/concurrent/locks/ReentrantReadWriteLock$Sync$ThreadLocalHoldCounter done
Event: 11.068 loading class java/util/concurrent/locks/ReentrantReadWriteLock$ReadLock
Event: 11.068 loading class java/util/concurrent/locks/ReentrantReadWriteLock$ReadLock done
Event: 11.068 loading class java/util/concurrent/locks/ReentrantReadWriteLock$WriteLock
Event: 11.068 loading class java/util/concurrent/locks/ReentrantReadWriteLock$WriteLock done
Event: 11.078 loading class java/text/ParseException
Event: 11.078 loading class java/text/ParseException done
Event: 11.281 loading class sun/util/calendar/ZoneInfoFile$Checksum
Event: 11.281 loading class sun/util/calendar/ZoneInfoFile$Checksum done
Event: 11.285 loading class jdk/internal/module/ModulePatcher$PatchedModuleReader
Event: 11.285 loading class jdk/internal/module/ModulePatcher$PatchedModuleReader done
Event: 11.285 loading class sun/net/www/protocol/jrt/Handler
Event: 11.285 loading class sun/net/www/protocol/jrt/Handler done
Event: 11.409 loading class sun/text/resources/cldr/FormatData_en
Event: 11.409 loading class sun/text/resources/cldr/FormatData_en done
Event: 11.410 loading class sun/text/resources/cldr/FormatData_en_US
Event: 11.410 loading class sun/text/resources/cldr/FormatData_en_US done


Dynamic libraries:
0x00007ff6caea0000 - 0x00007ff6caeb0000 	C:\Program Files\Java\jdk-17\bin\java.exe
0x00007ffb4aec0000 - 0x00007ffb4b127000 	C:\WINDOWS\SYSTEM32\ntdll.dll
0x00007ffb4a9d0000 - 0x00007ffb4aa99000 	C:\WINDOWS\System32\KERNEL32.DLL
0x00007ffb47880000 - 0x00007ffb47c74000 	C:\WINDOWS\System32\KERNELBASE.dll
0x00007ffb48630000 - 0x00007ffb4877b000 	C:\WINDOWS\System32\ucrtbase.dll
0x00007ffb429e0000 - 0x00007ffb429fb000 	C:\Program Files\Java\jdk-17\bin\VCRUNTIME140.dll
0x00007ffb364c0000 - 0x00007ffb364d9000 	C:\Program Files\Java\jdk-17\bin\jli.dll
0x00007ffb4a420000 - 0x00007ffb4a4d6000 	C:\WINDOWS\System32\ADVAPI32.dll
0x00007ffb4acd0000 - 0x00007ffb4ad79000 	C:\WINDOWS\System32\msvcrt.dll
0x00007ffb4a270000 - 0x00007ffb4a317000 	C:\WINDOWS\System32\sechost.dll
0x00007ffb49a40000 - 0x00007ffb49b58000 	C:\WINDOWS\System32\RPCRT4.dll
0x00007ffb48fc0000 - 0x00007ffb49185000 	C:\WINDOWS\System32\USER32.dll
0x00007ffb47790000 - 0x00007ffb477b7000 	C:\WINDOWS\System32\win32u.dll
0x00007ffb491d0000 - 0x00007ffb491fb000 	C:\WINDOWS\System32\GDI32.dll
0x00007ffb31040000 - 0x00007ffb312d3000 	C:\WINDOWS\WinSxS\amd64_microsoft.windows.common-controls_6595b64144ccf1df_6.0.26100.8115_none_3e075c82e3354f9c\COMCTL32.dll
0x00007ffb48900000 - 0x00007ffb48a2b000 	C:\WINDOWS\System32\gdi32full.dll
0x00007ffb48ba0000 - 0x00007ffb48c43000 	C:\WINDOWS\System32\msvcp_win.dll
0x00007ffb390c0000 - 0x00007ffb390cb000 	C:\WINDOWS\SYSTEM32\VERSION.dll
0x00007ffb49200000 - 0x00007ffb49232000 	C:\WINDOWS\System32\IMM32.DLL
0x00007ffb42a90000 - 0x00007ffb42a9c000 	C:\Program Files\Java\jdk-17\bin\vcruntime140_1.dll
0x00007ffb0eb20000 - 0x00007ffb0ebae000 	C:\Program Files\Java\jdk-17\bin\msvcp140.dll
0x00007ffac4fc0000 - 0x00007ffac5ba0000 	C:\Program Files\Java\jdk-17\bin\server\jvm.dll
0x00007ffb49bf0000 - 0x00007ffb49bf8000 	C:\WINDOWS\System32\PSAPI.DLL
0x00007ffb44a00000 - 0x00007ffb44a0a000 	C:\WINDOWS\SYSTEM32\WSOCK32.dll
0x00007ffb49b60000 - 0x00007ffb49be0000 	C:\WINDOWS\System32\WS2_32.dll
0x00007ffb313b0000 - 0x00007ffb313e6000 	C:\WINDOWS\SYSTEM32\WINMM.dll
0x00007ffb464e0000 - 0x00007ffb464fb000 	C:\WINDOWS\SYSTEM32\kernel.appcore.dll
0x00007ffb42990000 - 0x00007ffb4299a000 	C:\Program Files\Java\jdk-17\bin\jimage.dll
0x00007ffb45130000 - 0x00007ffb45372000 	C:\WINDOWS\SYSTEM32\DBGHELP.DLL
0x00007ffb4a560000 - 0x00007ffb4a8e2000 	C:\WINDOWS\System32\combase.dll
0x00007ffb4a8f0000 - 0x00007ffb4a9c8000 	C:\WINDOWS\System32\OLEAUT32.dll
0x00007ffb30300000 - 0x00007ffb3033b000 	C:\WINDOWS\SYSTEM32\dbgcore.DLL
0x00007ffb48580000 - 0x00007ffb48625000 	C:\WINDOWS\System32\bcryptPrimitives.dll
0x00007ffb348c0000 - 0x00007ffb348e5000 	C:\Program Files\Java\jdk-17\bin\java.dll
0x00007ffb0a390000 - 0x00007ffb0a467000 	C:\Program Files\Java\jdk-17\bin\jsvml.dll
0x00007ffb492d0000 - 0x00007ffb49a37000 	C:\WINDOWS\System32\SHELL32.dll
0x00007ffb48a30000 - 0x00007ffb48b9a000 	C:\WINDOWS\System32\wintypes.dll
0x00007ffb47d10000 - 0x00007ffb48578000 	C:\WINDOWS\System32\windows.storage.dll
0x00007ffb49c00000 - 0x00007ffb49cf8000 	C:\WINDOWS\System32\SHCORE.dll
0x00007ffb4ae00000 - 0x00007ffb4ae66000 	C:\WINDOWS\System32\shlwapi.dll
0x00007ffb476b0000 - 0x00007ffb476d9000 	C:\WINDOWS\SYSTEM32\profapi.dll
0x00007ffb36430000 - 0x00007ffb36449000 	C:\Program Files\Java\jdk-17\bin\net.dll
0x00007ffb3f8a0000 - 0x00007ffb3f9cd000 	C:\WINDOWS\SYSTEM32\WINHTTP.dll
0x00007ffb46a30000 - 0x00007ffb46a9c000 	C:\WINDOWS\system32\mswsock.dll
0x00007ffb36290000 - 0x00007ffb362a6000 	C:\Program Files\Java\jdk-17\bin\nio.dll
0x00007ffb36200000 - 0x00007ffb36218000 	C:\Program Files\Java\jdk-17\bin\zip.dll
0x00007ffb344e0000 - 0x00007ffb34504000 	C:\Users\user\OneDrive\Bureau\pi2026\MatchMakers\.m2\wrapper\dists\apache-maven-3.9.12\59fe215c0ad6947fea90184bf7add084544567b927287592651fda3782e0e798\lib\jansi-native\Windows\x86_64\jansi.dll
0x00007ffb36780000 - 0x00007ffb36790000 	C:\Program Files\Java\jdk-17\bin\verify.dll

dbghelp: loaded successfully - version: 4.0.5 - missing functions: none
symbol engine: initialized successfully - sym options: 0x614 - pdb path: .;C:\Program Files\Java\jdk-17\bin;C:\WINDOWS\SYSTEM32;C:\WINDOWS\WinSxS\amd64_microsoft.windows.common-controls_6595b64144ccf1df_6.0.26100.8115_none_3e075c82e3354f9c;C:\Program Files\Java\jdk-17\bin\server;C:\Users\user\OneDrive\Bureau\pi2026\MatchMakers\.m2\wrapper\dists\apache-maven-3.9.12\59fe215c0ad6947fea90184bf7add084544567b927287592651fda3782e0e798\lib\jansi-native\Windows\x86_64

VM Arguments:
jvm_args: --enable-native-access=ALL-UNNAMED -Dclassworlds.conf=C:\Users\user\OneDrive\Bureau\pi2026\MatchMakers\.m2\wrapper\dists\apache-maven-3.9.12\59fe215c0ad6947fea90184bf7add084544567b927287592651fda3782e0e798\bin\m2.conf -Dmaven.home=C:\Users\user\OneDrive\Bureau\pi2026\MatchMakers\.m2\wrapper\dists\apache-maven-3.9.12\59fe215c0ad6947fea90184bf7add084544567b927287592651fda3782e0e798 -Dlibrary.jansi.path=C:\Users\user\OneDrive\Bureau\pi2026\MatchMakers\.m2\wrapper\dists\apache-maven-3.9.12\59fe215c0ad6947fea90184bf7add084544567b927287592651fda3782e0e798\lib\jansi-native -Dmaven.multiModuleProjectDirectory=C:\Users\user\OneDrive\Bureau\pi2026\MatchMakers\Backend\SportService 
java_command: org.codehaus.plexus.classworlds.launcher.Launcher -f pom.xml spring-boot:run
java_class_path (initial): C:\Users\user\OneDrive\Bureau\pi2026\MatchMakers\.m2\wrapper\dists\apache-maven-3.9.12\59fe215c0ad6947fea90184bf7add084544567b927287592651fda3782e0e798\boot\plexus-classworlds-2.9.0.jar
Launcher Type: SUN_STANDARD

[Global flags]
     intx CICompilerCount                          = 4                                         {product} {ergonomic}
     uint ConcGCThreads                            = 2                                         {product} {ergonomic}
     uint G1ConcRefinementThreads                  = 8                                         {product} {ergonomic}
   size_t G1HeapRegionSize                         = 2097152                                   {product} {ergonomic}
    uintx GCDrainStackTargetSize                   = 64                                        {product} {ergonomic}
   size_t InitialHeapSize                          = 266338304                                 {product} {ergonomic}
   size_t MarkStackSize                            = 4194304                                   {product} {ergonomic}
   size_t MaxHeapSize                              = 4238344192                                {product} {ergonomic}
   size_t MaxNewSize                               = 2541748224                                {product} {ergonomic}
   size_t MinHeapDeltaBytes                        = 2097152                                   {product} {ergonomic}
   size_t MinHeapSize                              = 8388608                                   {product} {ergonomic}
    uintx NonNMethodCodeHeapSize                   = 5839372                                {pd product} {ergonomic}
    uintx NonProfiledCodeHeapSize                  = 122909434                              {pd product} {ergonomic}
    uintx ProfiledCodeHeapSize                     = 122909434                              {pd product} {ergonomic}
    uintx ReservedCodeCacheSize                    = 251658240                              {pd product} {ergonomic}
     bool SegmentedCodeCache                       = true                                      {product} {ergonomic}
   size_t SoftMaxHeapSize                          = 4238344192                             {manageable} {ergonomic}
     bool UseCompressedClassPointers               = true                           {product lp64_product} {ergonomic}
     bool UseCompressedOops                        = true                           {product lp64_product} {ergonomic}
     bool UseG1GC                                  = true                                      {product} {ergonomic}
     bool UseLargePagesIndividualAllocation        = false                                  {pd product} {ergonomic}

Logging:
Log output configuration:
 #0: stdout all=warning uptime,level,tags
 #1: stderr all=off uptime,level,tags

Environment Variables:
PATH=C:\Program Files\Common Files\Oracle\Java\javapath;C:\Program Files (x86)\VMware\VMware Workstation\bin\;C:\WINDOWS\system32;C:\WINDOWS;C:\WINDOWS\System32\Wbem;C:\WINDOWS\System32\WindowsPowerShell\v1.0\;C:\WINDOWS\System32\OpenSSH\;C:\xampp\php;C:\ProgramData\ComposerSetup\bin;C:\Program Files\nodejs\;C:\Program Files\Git\cmd;C:\Program Files (x86)\Microsoft SQL Server\160\Tools\Binn\;C:\Program Files\Microsoft SQL Server\160\Tools\Binn\;C:\Program Files\Microsoft SQL Server\Client SDK\ODBC\170\Tools\Binn\;C:\Program Files\Microsoft SQL Server\160\DTS\Binn\;C:\Program Files (x86)\Microsoft SQL Server\160\DTS\Binn\;C:\Program Files\Microsoft SQL Server\150\Tools\Binn\;C:\Program Files\Microsoft SQL Server\130\DTS\Binn\;C:\Program Files\Microsoft SQL Server\140\DTS\Binn\;C:\Program Files\Microsoft SQL Server\150\DTS\Binn\;C:\Program Files\Microsoft SQL Server\170\DTS\Binn\;C:\Program Files\Docker\Docker\resources\bin;C:\Program Files\Apache\Maven\apache-maven-3.9.12\bin;C:\sonar-scanner-cli-5.0.2.4997-windows\sonar-scanner-5.0.2.4997-windows\bin;C:\Program Files\dotnet\;C:\Users\user\scoop\shims;C:\Users\user\AppData\Local\Microsoft\WindowsApps;C:\Program Files\JetBrains\IntelliJ IDEA 2023.3.4\bin;;C:\Users\user\AppData\Local\Programs\Microsoft VS Code\bin;C:\Users\user\AppData\Roaming\Composer\vendor\bin;C:\Program Files\MongoDB\Server\4.0\bin;C:\Users\user\AppData\Roaming\npm;C:\Users\user\AppData\Local\Programs\Windsurf\bin;C:\Users\user\.dotnet\tools;C:\Users\user\AppData\Local\Python\bin;C:\Users\user\AppData\Local\Programs\Antigravity\bin
USERNAME=user
LANG=en_US.UTF-8
OS=Windows_NT
PROCESSOR_IDENTIFIER=Intel64 Family 6 Model 142 Stepping 12, GenuineIntel



---------------  S Y S T E M  ---------------

OS:
 Windows 11 , 64 bit Build 26100 (10.0.26100.8246)
OS uptime: 0 days 1:49 hours
Hyper-V role detected

CPU: total 8 (initial active 8) (4 cores per cpu, 2 threads per core) family 6 model 142 stepping 12 microcode 0xf8, cx8, cmov, fxsr, ht, mmx, 3dnowpref, sse, sse2, sse3, ssse3, sse4.1, sse4.2, popcnt, lzcnt, tsc, tscinvbit, avx, avx2, aes, erms, clmul, bmi1, bmi2, adx, fma, vzeroupper, clflush, clflushopt, hv

Memory: 4k page, system-wide physical 16162M (3243M free)
TotalPageFile size 21670M (AvailPageFile size 86M)
current process WorkingSet (physical memory assigned to process): 69M, peak: 69M
current process commit charge ("private bytes"): 359M, peak: 359M

vm_info: Java HotSpot(TM) 64-Bit Server VM (17.0.12+8-LTS-286) for windows-amd64 JRE (17.0.12+8-LTS-286), built on Jun  5 2024 06:46:59 by "mach5one" with MS VC++ 17.6 (VS2022)

END.
